172.18.0.1 - - [28/Apr/2023:10:20:40 +0000] "GET /gitlab-instance-5117b8af/final-exam-git/-/commits/371fb1bb3d1d4fc6a5b113923db202ae33202a24/signatures?limit=1 HTTP/1.1" 200 17 "http://localhost:8080/gitlab-instance-5117b8af/final-exam-git/-/blob/main/.gitlab-ci.yml" "Mozilla/5.0 (X11; Ubuntu; Linux x86_64; rv:109.0) Gecko/20100101 Firefox/112.0" -
172.18.0.1 - - [28/Apr/2023:10:20:40 +0000] "GET /assets/webpack/hl-yaml.222ea524.chunk.js HTTP/1.1" 200 859 "http://localhost:8080/gitlab-instance-5117b8af/final-exam-git/-/blob/main/.gitlab-ci.yml" "Mozilla/5.0 (X11; Ubuntu; Linux x86_64; rv:109.0) Gecko/20100101 Firefox/112.0" -
172.18.0.1 - - [28/Apr/2023:10:20:40 +0000] "GET /api/v4/projects/2/repository/tags?search=&per_page=20 HTTP/1.1" 304 0 "http://localhost:8080/gitlab-instance-5117b8af/final-exam-git/-/blob/main/.gitlab-ci.yml" "Mozilla/5.0 (X11; Ubuntu; Linux x86_64; rv:109.0) Gecko/20100101 Firefox/112.0" -
172.18.0.1 - - [28/Apr/2023:10:20:44 +0000] "GET /api/v4/users/1/status HTTP/1.1" 200 90 "http://localhost:8080/gitlab-instance-5117b8af/final-exam-git/-/blob/main/.gitlab-ci.yml" "Mozilla/5.0 (X11; Ubuntu; Linux x86_64; rv:109.0) Gecko/20100101 Firefox/112.0" -
172.18.0.1 - - [28/Apr/2023:10:20:44 +0000] "GET /api/v4/users/1 HTTP/1.1" 200 568 "http://localhost:8080/gitlab-instance-5117b8af/final-exam-git/-/blob/main/.gitlab-ci.yml" "Mozilla/5.0 (X11; Ubuntu; Linux x86_64; rv:109.0) Gecko/20100101 Firefox/112.0" 1.95
172.18.0.1 - - [28/Apr/2023:10:20:50 +0000] "GET /gitlab-instance-5117b8af/final-exam-git HTTP/1.1" 200 29666 "http://localhost:8080/gitlab-instance-5117b8af/final-exam-git/-/blob/main/.gitlab-ci.yml" "Mozilla/5.0 (X11; Ubuntu; Linux x86_64; rv:109.0) Gecko/20100101 Firefox/112.0" 4.73
172.18.0.1 - - [28/Apr/2023:10:20:51 +0000] "GET /gitlab-instance-5117b8af/final-exam-git/-/refs/main/logs_tree/?format=json&offset=0 HTTP/1.1" 200 730 "http://localhost:8080/gitlab-instance-5117b8af/final-exam-git" "Mozilla/5.0 (X11; Ubuntu; Linux x86_64; rv:109.0) Gecko/20100101 Firefox/112.0" 9.72
172.18.0.1 - - [28/Apr/2023:10:20:51 +0000] "POST /api/graphql HTTP/1.1" 200 577 "http://localhost:8080/gitlab-instance-5117b8af/final-exam-git" "Mozilla/5.0 (X11; Ubuntu; Linux x86_64; rv:109.0) Gecko/20100101 Firefox/112.0" 2.40
172.18.0.1 - - [28/Apr/2023:10:20:51 +0000] "GET /gitlab-instance-5117b8af/final-exam-git/-/blob/main/README.md?format=json&viewer=rich HTTP/1.1" 200 4682 "http://localhost:8080/gitlab-instance-5117b8af/final-exam-git" "Mozilla/5.0 (X11; Ubuntu; Linux x86_64; rv:109.0) Gecko/20100101 Firefox/112.0" 4.01
172.18.0.1 - - [28/Apr/2023:10:20:51 +0000] "GET /api/v4/projects/2/repository/branches?search=&per_page=20&sort=updated_desc HTTP/1.1" 304 0 "http://localhost:8080/gitlab-instance-5117b8af/final-exam-git" "Mozilla/5.0 (X11; Ubuntu; Linux x86_64; rv:109.0) Gecko/20100101 Firefox/112.0" -
172.18.0.1 - - [28/Apr/2023:10:20:51 +0000] "POST /api/graphql HTTP/1.1" 200 195 "http://localhost:8080/gitlab-instance-5117b8af/final-exam-git" "Mozilla/5.0 (X11; Ubuntu; Linux x86_64; rv:109.0) Gecko/20100101 Firefox/112.0" 1.53
172.18.0.1 - - [28/Apr/2023:10:20:51 +0000] "GET /api/v4/projects/2/repository/tags?search=&per_page=20 HTTP/1.1" 304 0 "http://localhost:8080/gitlab-instance-5117b8af/final-exam-git" "Mozilla/5.0 (X11; Ubuntu; Linux x86_64; rv:109.0) Gecko/20100101 Firefox/112.0" -
172.18.0.1 - - [28/Apr/2023:10:20:51 +0000] "POST /api/graphql HTTP/1.1" 200 1082 "http://localhost:8080/gitlab-instance-5117b8af/final-exam-git" "Mozilla/5.0 (X11; Ubuntu; Linux x86_64; rv:109.0) Gecko/20100101 Firefox/112.0" 4.39
172.18.0.1 - - [28/Apr/2023:10:20:53 +0000] "GET /gitlab-instance-5117b8af/final-exam-git/-/pipelines/1 HTTP/1.1" 200 25181 "http://localhost:8080/gitlab-instance-5117b8af/final-exam-git" "Mozilla/5.0 (X11; Ubuntu; Linux x86_64; rv:109.0) Gecko/20100101 Firefox/112.0" 4.69
172.18.0.1 - - [28/Apr/2023:10:20:53 +0000] "GET /assets/webpack/pages.projects.pipelines.show.6ec66a8f.chunk.js HTTP/1.1" 200 223 "http://localhost:8080/gitlab-instance-5117b8af/final-exam-git/-/pipelines/1" "Mozilla/5.0 (X11; Ubuntu; Linux x86_64; rv:109.0) Gecko/20100101 Firefox/112.0" -
172.18.0.1 - - [28/Apr/2023:10:20:53 +0000] "GET /assets/page_bundles/pipeline-0f403d9622094fe0242bdd5f88595d460638e036d25d6a49988003805f9641ce.css HTTP/1.1" 200 1367 "http://localhost:8080/gitlab-instance-5117b8af/final-exam-git/-/pipelines/1" "Mozilla/5.0 (X11; Ubuntu; Linux x86_64; rv:109.0) Gecko/20100101 Firefox/112.0" -
172.18.0.1 - - [28/Apr/2023:10:20:53 +0000] "GET /assets/page_bundles/reports-99fc24655aee076fe123a14a97a4aa2bb8ae6303ca63c7649647ba469b83c90f.css HTTP/1.1" 200 560 "http://localhost:8080/gitlab-instance-5117b8af/final-exam-git/-/pipelines/1" "Mozilla/5.0 (X11; Ubuntu; Linux x86_64; rv:109.0) Gecko/20100101 Firefox/112.0" -
172.18.0.1 - - [28/Apr/2023:10:20:53 +0000] "GET /assets/page_bundles/ci_status-00e12008e8e8224bcf9eef018e76e01694652590584ea372263aad0efe84a3bd.css HTTP/1.1" 200 672 "http://localhost:8080/gitlab-instance-5117b8af/final-exam-git/-/pipelines/1" "Mozilla/5.0 (X11; Ubuntu; Linux x86_64; rv:109.0) Gecko/20100101 Firefox/112.0" -
172.18.0.1 - - [28/Apr/2023:10:20:53 +0000] "GET /api/graphql?query=query%20getPipelineHeaderData(%24fullPath%3A%20ID!%2C%20%24iid%3A%20ID!)%20%7B%20project(fullPath%3A%20%24fullPath)%20%7B%20id%20pipeline(iid%3A%20%24iid)%20%7B%20id%20iid%20status%20retryable%20cancelable%20userPermissions%20%7B%20destroyPipeline%20updatePipeline%20__typename%20%7D%20detailedStatus%20%7B%20id%20detailsPath%20icon%20group%20text%20__typename%20%7D%20createdAt%20user%20%7B%20id%20name%20username%20webPath%20webUrl%20email%20avatarUrl%20status%20%7B%20message%20emoji%20__typename%20%7D%20__typename%20%7D%20__typename%20%7D%20__typename%20%7D%20%7D&operationName=getPipelineHeaderData&variables=%7B%22fullPath%22%3A%22gitlab-instance-5117b8af%2Ffinal-exam-git%22%2C%22iid%22%3A%221%22%7D HTTP/1.1" 200 452 "http://localhost:8080/gitlab-instance-5117b8af/final-exam-git/-/pipelines/1" "Mozilla/5.0 (X11; Ubuntu; Linux x86_64; rv:109.0) Gecko/20100101 Firefox/112.0" 1.87
172.18.0.1 - - [28/Apr/2023:10:20:53 +0000] "POST /api/graphql HTTP/1.1" 200 194 "http://localhost:8080/gitlab-instance-5117b8af/final-exam-git/-/pipelines/1" "Mozilla/5.0 (X11; Ubuntu; Linux x86_64; rv:109.0) Gecko/20100101 Firefox/112.0" 1.52
172.18.0.1 - - [28/Apr/2023:10:20:53 +0000] "POST /api/graphql HTTP/1.1" 200 760 "http://localhost:8080/gitlab-instance-5117b8af/final-exam-git/-/pipelines/1" "Mozilla/5.0 (X11; Ubuntu; Linux x86_64; rv:109.0) Gecko/20100101 Firefox/112.0" 5.35
172.18.0.1 - - [28/Apr/2023:10:20:53 +0000] "GET /api/graphql?query=fragment%20CiNeeds%20on%20JobNeedUnion%20%7B%20...CiBuildNeedFields%20...CiJobNeedFields%20__typename%20%7D%20fragment%20CiBuildNeedFields%20on%20CiBuildNeed%20%7B%20id%20name%20__typename%20%7D%20fragment%20CiJobNeedFields%20on%20CiJob%20%7B%20id%20name%20__typename%20%7D%20fragment%20LinkedPipelineData%20on%20Pipeline%20%7B%20__typename%20id%20iid%20path%20cancelable%20retryable%20userPermissions%20%7B%20updatePipeline%20__typename%20%7D%20status%3A%20detailedStatus%20%7B%20__typename%20id%20group%20label%20icon%20%7D%20sourceJob%20%7B%20__typename%20id%20name%20retried%20%7D%20project%20%7B%20__typename%20id%20name%20fullPath%20%7D%20%7D%20query%20getPipelineDetails(%24projectPath%3A%20ID!%2C%20%24iid%3A%20ID!)%20%7B%20project(fullPath%3A%20%24projectPath)%20%7B%20__typename%20id%20pipeline(iid%3A%20%24iid)%20%7B%20__typename%20id%20iid%20complete%20usesNeeds%20userPermissions%20%7B%20updatePipeline%20__typename%20%7D%20downstream%20%7B%20__typename%20nodes%20%7B%20...LinkedPipelineData%20__typename%20%7D%20%7D%20upstream%20%7B%20...LinkedPipelineData%20__typename%20%7D%20stages%20%7B%20__typename%20nodes%20%7B%20__typename%20id%20name%20status%3A%20detailedStatus%20%7B%20__typename%20id%20action%20%7B%20__typename%20id%20icon%20path%20title%20%7D%20%7D%20groups%20%7B%20__typename%20nodes%20%7B%20__typename%20id%20status%3A%20detailedStatus%20%7B%20__typename%20id%20label%20group%20icon%20%7D%20name%20size%20jobs%20%7B%20__typename%20nodes%20%7B%20__typename%20id%20name%20kind%20scheduledAt%20needs%20%7B%20__typename%20nodes%20%7B%20__typename%20id%20name%20%7D%20%7D%20previousStageJobsOrNeeds%20%7B%20__typename%20nodes%20%7B%20...CiNeeds%20__typename%20%7D%20%7D%20status%3A%20detailedStatus%20%7B%20__typename%20id%20icon%20tooltip%20hasDetails%20detailsPath%20group%20label%20action%20%7B%20__typename%20id%20buttonTitle%20icon%20path%20title%20%7D%20%7D%20%7D%20%7D%20%7D%20%7D%20%7D%20%7D%20%7D%20%7D%20%7D&operationName=getPipelineDetails&variables=%7B%22projectPath%22%3A%22gitlab-instance-5117b8af%2Ffinal-exam-git%22%2C%22iid%22%3A%221%22%7D HTTP/1.1" 200 773 "http://localhost:8080/gitlab-instance-5117b8af/final-exam-git/-/pipelines/1" "Mozilla/5.0 (X11; Ubuntu; Linux x86_64; rv:109.0) Gecko/20100101 Firefox/112.0" 5.36
172.18.0.1 - - [28/Apr/2023:10:21:03 +0000] "GET /api/graphql?query=query%20getPipelineHeaderData(%24fullPath%3A%20ID!%2C%20%24iid%3A%20ID!)%20%7B%20project(fullPath%3A%20%24fullPath)%20%7B%20id%20pipeline(iid%3A%20%24iid)%20%7B%20id%20iid%20status%20retryable%20cancelable%20userPermissions%20%7B%20destroyPipeline%20updatePipeline%20__typename%20%7D%20detailedStatus%20%7B%20id%20detailsPath%20icon%20group%20text%20__typename%20%7D%20createdAt%20user%20%7B%20id%20name%20username%20webPath%20webUrl%20email%20avatarUrl%20status%20%7B%20message%20emoji%20__typename%20%7D%20__typename%20%7D%20__typename%20%7D%20__typename%20%7D%20%7D&operationName=getPipelineHeaderData&variables=%7B%22fullPath%22%3A%22gitlab-instance-5117b8af%2Ffinal-exam-git%22%2C%22iid%22%3A%221%22%7D HTTP/1.1" 304 0 "http://localhost:8080/gitlab-instance-5117b8af/final-exam-git/-/pipelines/1" "Mozilla/5.0 (X11; Ubuntu; Linux x86_64; rv:109.0) Gecko/20100101 Firefox/112.0" -
172.18.0.1 - - [28/Apr/2023:10:21:03 +0000] "GET /api/graphql?query=fragment%20CiNeeds%20on%20JobNeedUnion%20%7B%20...CiBuildNeedFields%20...CiJobNeedFields%20__typename%20%7D%20fragment%20CiBuildNeedFields%20on%20CiBuildNeed%20%7B%20id%20name%20__typename%20%7D%20fragment%20CiJobNeedFields%20on%20CiJob%20%7B%20id%20name%20__typename%20%7D%20fragment%20LinkedPipelineData%20on%20Pipeline%20%7B%20__typename%20id%20iid%20path%20cancelable%20retryable%20userPermissions%20%7B%20updatePipeline%20__typename%20%7D%20status%3A%20detailedStatus%20%7B%20__typename%20id%20group%20label%20icon%20%7D%20sourceJob%20%7B%20__typename%20id%20name%20retried%20%7D%20project%20%7B%20__typename%20id%20name%20fullPath%20%7D%20%7D%20query%20getPipelineDetails(%24projectPath%3A%20ID!%2C%20%24iid%3A%20ID!)%20%7B%20project(fullPath%3A%20%24projectPath)%20%7B%20__typename%20id%20pipeline(iid%3A%20%24iid)%20%7B%20__typename%20id%20iid%20complete%20usesNeeds%20userPermissions%20%7B%20updatePipeline%20__typename%20%7D%20downstream%20%7B%20__typename%20nodes%20%7B%20...LinkedPipelineData%20__typename%20%7D%20%7D%20upstream%20%7B%20...LinkedPipelineData%20__typename%20%7D%20stages%20%7B%20__typename%20nodes%20%7B%20__typename%20id%20name%20status%3A%20detailedStatus%20%7B%20__typename%20id%20action%20%7B%20__typename%20id%20icon%20path%20title%20%7D%20%7D%20groups%20%7B%20__typename%20nodes%20%7B%20__typename%20id%20status%3A%20detailedStatus%20%7B%20__typename%20id%20label%20group%20icon%20%7D%20name%20size%20jobs%20%7B%20__typename%20nodes%20%7B%20__typename%20id%20name%20kind%20scheduledAt%20needs%20%7B%20__typename%20nodes%20%7B%20__typename%20id%20name%20%7D%20%7D%20previousStageJobsOrNeeds%20%7B%20__typename%20nodes%20%7B%20...CiNeeds%20__typename%20%7D%20%7D%20status%3A%20detailedStatus%20%7B%20__typename%20id%20icon%20tooltip%20hasDetails%20detailsPath%20group%20label%20action%20%7B%20__typename%20id%20buttonTitle%20icon%20path%20title%20%7D%20%7D%20%7D%20%7D%20%7D%20%7D%20%7D%20%7D%20%7D%20%7D%20%7D&operationName=getPipelineDetails&variables=%7B%22projectPath%22%3A%22gitlab-instance-5117b8af%2Ffinal-exam-git%22%2C%22iid%22%3A%221%22%7D HTTP/1.1" 304 0 "http://localhost:8080/gitlab-instance-5117b8af/final-exam-git/-/pipelines/1" "Mozilla/5.0 (X11; Ubuntu; Linux x86_64; rv:109.0) Gecko/20100101 Firefox/112.0" -
172.18.0.1 - - [28/Apr/2023:10:21:10 +0000] "GET /admin/runners HTTP/1.1" 200 20235 "" "Mozilla/5.0 (X11; Ubuntu; Linux x86_64; rv:109.0) Gecko/20100101 Firefox/112.0" 4.58
172.18.0.1 - - [28/Apr/2023:10:21:10 +0000] "POST /api/graphql HTTP/1.1" 200 184 "http://localhost:8080/admin/runners" "Mozilla/5.0 (X11; Ubuntu; Linux x86_64; rv:109.0) Gecko/20100101 Firefox/112.0" -
172.18.0.1 - - [28/Apr/2023:10:21:10 +0000] "POST /api/graphql HTTP/1.1" 200 96 "http://localhost:8080/admin/runners" "Mozilla/5.0 (X11; Ubuntu; Linux x86_64; rv:109.0) Gecko/20100101 Firefox/112.0" 3.16
172.18.0.1 - - [28/Apr/2023:10:21:23 +0000] "GET /admin HTTP/1.1" 200 21800 "http://localhost:8080/admin/runners" "Mozilla/5.0 (X11; Ubuntu; Linux x86_64; rv:109.0) Gecko/20100101 Firefox/112.0" 4.78
172.18.0.1 - - [28/Apr/2023:10:21:23 +0000] "GET /assets/webpack/pages.admin.ce0e78e9.chunk.js HTTP/1.1" 200 0 "http://localhost:8080/admin" "Mozilla/5.0 (X11; Ubuntu; Linux x86_64; rv:109.0) Gecko/20100101 Firefox/112.0" -
172.18.0.1 - - [28/Apr/2023:10:21:23 +0000] "GET /api/v4/application/statistics HTTP/1.1" 200 165 "http://localhost:8080/admin" "Mozilla/5.0 (X11; Ubuntu; Linux x86_64; rv:109.0) Gecko/20100101 Firefox/112.0" -
172.18.0.1 - - [28/Apr/2023:10:21:27 +0000] "POST /api/graphql HTTP/1.1" 200 184 "http://localhost:8080/admin/runners" "Mozilla/5.0 (X11; Ubuntu; Linux x86_64; rv:109.0) Gecko/20100101 Firefox/112.0" -
172.18.0.1 - - [28/Apr/2023:10:21:27 +0000] "POST /api/graphql HTTP/1.1" 200 96 "http://localhost:8080/admin/runners" "Mozilla/5.0 (X11; Ubuntu; Linux x86_64; rv:109.0) Gecko/20100101 Firefox/112.0" 3.16
127.0.0.1 - - [28/Apr/2023:10:21:27 +0000] "GET /help HTTP/1.1" 200 74139 "" "curl/8.0.1-DEV" -
172.18.0.1 - - [28/Apr/2023:10:21:28 +0000] "POST /api/graphql HTTP/1.1" 200 194 "http://localhost:8080/gitlab-instance-5117b8af/final-exam-git/-/pipelines/1" "Mozilla/5.0 (X11; Ubuntu; Linux x86_64; rv:109.0) Gecko/20100101 Firefox/112.0" 1.52
172.18.0.1 - - [28/Apr/2023:10:21:28 +0000] "POST /api/graphql HTTP/1.1" 200 760 "http://localhost:8080/gitlab-instance-5117b8af/final-exam-git/-/pipelines/1" "Mozilla/5.0 (X11; Ubuntu; Linux x86_64; rv:109.0) Gecko/20100101 Firefox/112.0" 5.35
172.18.0.1 - - [28/Apr/2023:10:21:30 +0000] "POST /api/graphql HTTP/1.1" 200 195 "http://localhost:8080/gitlab-instance-5117b8af/final-exam-git" "Mozilla/5.0 (X11; Ubuntu; Linux x86_64; rv:109.0) Gecko/20100101 Firefox/112.0" 1.53
172.18.0.1 - - [28/Apr/2023:10:21:31 +0000] "POST /api/graphql HTTP/1.1" 200 577 "http://localhost:8080/gitlab-instance-5117b8af/final-exam-git" "Mozilla/5.0 (X11; Ubuntu; Linux x86_64; rv:109.0) Gecko/20100101 Firefox/112.0" 2.40
172.18.0.1 - - [28/Apr/2023:10:21:31 +0000] "POST /api/graphql HTTP/1.1" 200 1082 "http://localhost:8080/gitlab-instance-5117b8af/final-exam-git" "Mozilla/5.0 (X11; Ubuntu; Linux x86_64; rv:109.0) Gecko/20100101 Firefox/112.0" 4.39
172.18.0.1 - - [28/Apr/2023:10:21:31 +0000] "POST /api/graphql HTTP/1.1" 200 3613 "http://localhost:8080/gitlab-instance-5117b8af/final-exam-git" "Mozilla/5.0 (X11; Ubuntu; Linux x86_64; rv:109.0) Gecko/20100101 Firefox/112.0" 2.66
172.18.0.1 - - [28/Apr/2023:10:21:32 +0000] "POST /api/graphql HTTP/1.1" 200 577 "http://localhost:8080/gitlab-instance-5117b8af/final-exam-git/-/blob/main/.gitlab-ci.yml" "Mozilla/5.0 (X11; Ubuntu; Linux x86_64; rv:109.0) Gecko/20100101 Firefox/112.0" 2.40
172.18.0.1 - - [28/Apr/2023:10:21:32 +0000] "POST /api/graphql HTTP/1.1" 200 1106 "http://localhost:8080/gitlab-instance-5117b8af/final-exam-git" "Mozilla/5.0 (X11; Ubuntu; Linux x86_64; rv:109.0) Gecko/20100101 Firefox/112.0" 3.85
172.18.0.1 - - [28/Apr/2023:10:21:32 +0000] "POST /api/graphql HTTP/1.1" 200 481 "http://localhost:8080/gitlab-instance-5117b8af/final-exam-git/-/blob/main/.gitlab-ci.yml" "Mozilla/5.0 (X11; Ubuntu; Linux x86_64; rv:109.0) Gecko/20100101 Firefox/112.0" 2.34
172.18.0.1 - - [28/Apr/2023:10:21:46 +0000] "GET /-/ide/project/gitlab-instance-5117b8af/final-exam-git/edit/main/-/.gitlab-ci.yml HTTP/1.1" 200 11859 "http://localhost:8080/gitlab-instance-5117b8af/final-exam-git/-/blob/main/.gitlab-ci.yml" "Mozilla/5.0 (X11; Ubuntu; Linux x86_64; rv:109.0) Gecko/20100101 Firefox/112.0" 3.72
172.18.0.1 - - [28/Apr/2023:10:21:46 +0000] "GET /assets/webpack/commons-SourceEditor-pages.ide-pages.projects.ci.lints.show-pages.projects.ci.pipeline_editor.show-p-b2d156f8.c054365d.chunk.js HTTP/1.1" 200 12876 "http://localhost:8080/-/ide/project/gitlab-instance-5117b8af/final-exam-git/edit/main/-/.gitlab-ci.yml" "Mozilla/5.0 (X11; Ubuntu; Linux x86_64; rv:109.0) Gecko/20100101 Firefox/112.0" -
172.18.0.1 - - [28/Apr/2023:10:21:46 +0000] "GET /assets/webpack/commons-pages.ide-pages.projects.pages.new.1ce56021.chunk.js HTTP/1.1" 200 13372 "http://localhost:8080/-/ide/project/gitlab-instance-5117b8af/final-exam-git/edit/main/-/.gitlab-ci.yml" "Mozilla/5.0 (X11; Ubuntu; Linux x86_64; rv:109.0) Gecko/20100101 Firefox/112.0" -
172.18.0.1 - - [28/Apr/2023:10:21:46 +0000] "GET /assets/webpack/commons-pages.ide-pages.projects.ci.lints.show-pages.projects.ci.pipeline_editor.show-pages.projects-181d2ea3.67d3f479.chunk.js HTTP/1.1" 200 19785 "http://localhost:8080/-/ide/project/gitlab-instance-5117b8af/final-exam-git/edit/main/-/.gitlab-ci.yml" "Mozilla/5.0 (X11; Ubuntu; Linux x86_64; rv:109.0) Gecko/20100101 Firefox/112.0" -
172.18.0.1 - - [28/Apr/2023:10:21:46 +0000] "GET /assets/webpack/commons-pages.ide-pages.projects.ci.pipeline_editor.show.8e9121af.chunk.js HTTP/1.1" 200 11503 "http://localhost:8080/-/ide/project/gitlab-instance-5117b8af/final-exam-git/edit/main/-/.gitlab-ci.yml" "Mozilla/5.0 (X11; Ubuntu; Linux x86_64; rv:109.0) Gecko/20100101 Firefox/112.0" -
172.18.0.1 - - [28/Apr/2023:10:21:46 +0000] "GET /assets/webpack/pages.ide.1268d44f.chunk.js HTTP/1.1" 200 80224 "http://localhost:8080/-/ide/project/gitlab-instance-5117b8af/final-exam-git/edit/main/-/.gitlab-ci.yml" "Mozilla/5.0 (X11; Ubuntu; Linux x86_64; rv:109.0) Gecko/20100101 Firefox/112.0" -
172.18.0.1 - - [28/Apr/2023:10:21:46 +0000] "GET /assets/webpack/commons-pages.ide-pages.projects.releases.index.064418e6.chunk.js HTTP/1.1" 200 7726 "http://localhost:8080/-/ide/project/gitlab-instance-5117b8af/final-exam-git/edit/main/-/.gitlab-ci.yml" "Mozilla/5.0 (X11; Ubuntu; Linux x86_64; rv:109.0) Gecko/20100101 Firefox/112.0" -
172.18.0.1 - - [28/Apr/2023:10:21:46 +0000] "GET /assets/webpack/769.9adaffbc.chunk.js HTTP/1.1" 200 4838 "http://localhost:8080/-/ide/project/gitlab-instance-5117b8af/final-exam-git/edit/main/-/.gitlab-ci.yml" "Mozilla/5.0 (X11; Ubuntu; Linux x86_64; rv:109.0) Gecko/20100101 Firefox/112.0" -
172.18.0.1 - - [28/Apr/2023:10:21:46 +0000] "GET /assets/webpack/gitlab-vscode/0.0.1-dev-20230407181558/main.js HTTP/1.1" 200 94022 "http://localhost:8080/-/ide/project/gitlab-instance-5117b8af/final-exam-git/edit/main/-/.gitlab-ci.yml" "Mozilla/5.0 (X11; Ubuntu; Linux x86_64; rv:109.0) Gecko/20100101 Firefox/112.0" -
172.18.0.1 - - [28/Apr/2023:10:21:46 +0000] "GET /assets/webpack/gitlab-vscode/0.0.1-dev-20230407181558/vscode/out/vs/workbench/workbench.web.main.css HTTP/1.1" 200 69491 "http://localhost:8080/-/ide/project/gitlab-instance-5117b8af/final-exam-git/edit/main/-/.gitlab-ci.yml" "Mozilla/5.0 (X11; Ubuntu; Linux x86_64; rv:109.0) Gecko/20100101 Firefox/112.0" -
172.18.0.1 - - [28/Apr/2023:10:21:46 +0000] "GET /assets/webpack/gitlab-vscode/0.0.1-dev-20230407181558/vscode/extensions/gitlab-web-ide/package.json HTTP/1.1" 200 2143 "http://localhost:8080/-/ide/project/gitlab-instance-5117b8af/final-exam-git/edit/main/-/.gitlab-ci.yml" "Mozilla/5.0 (X11; Ubuntu; Linux x86_64; rv:109.0) Gecko/20100101 Firefox/112.0" -
172.18.0.1 - - [28/Apr/2023:10:21:46 +0000] "GET /assets/webpack/gitlab-vscode/0.0.1-dev-20230407181558/vscode/out/vs/loader.js HTTP/1.1" 200 10642 "http://localhost:8080/-/ide/project/gitlab-instance-5117b8af/final-exam-git/edit/main/-/.gitlab-ci.yml" "Mozilla/5.0 (X11; Ubuntu; Linux x86_64; rv:109.0) Gecko/20100101 Firefox/112.0" -
172.18.0.1 - - [28/Apr/2023:10:21:46 +0000] "GET /assets/webpack/gitlab-vscode/0.0.1-dev-20230407181558/vscode/out/vs/webPackagePaths.js HTTP/1.1" 200 395 "http://localhost:8080/-/ide/project/gitlab-instance-5117b8af/final-exam-git/edit/main/-/.gitlab-ci.yml" "Mozilla/5.0 (X11; Ubuntu; Linux x86_64; rv:109.0) Gecko/20100101 Firefox/112.0" -
172.18.0.1 - - [28/Apr/2023:10:21:46 +0000] "GET /assets/webpack/gitlab-vscode/0.0.1-dev-20230407181558/vscode/out/vs/workbench/workbench.web.main.nls.js HTTP/1.1" 200 122037 "http://localhost:8080/-/ide/project/gitlab-instance-5117b8af/final-exam-git/edit/main/-/.gitlab-ci.yml" "Mozilla/5.0 (X11; Ubuntu; Linux x86_64; rv:109.0) Gecko/20100101 Firefox/112.0" -
172.18.0.1 - - [28/Apr/2023:10:21:46 +0000] "GET /assets/webpack/gitlab-vscode/0.0.1-dev-20230407181558/vscode/out/vs/workbench/workbench.web.main.js HTTP/1.1" 200 2701036 "http://localhost:8080/-/ide/project/gitlab-instance-5117b8af/final-exam-git/edit/main/-/.gitlab-ci.yml" "Mozilla/5.0 (X11; Ubuntu; Linux x86_64; rv:109.0) Gecko/20100101 Firefox/112.0" -
172.18.0.1 - - [28/Apr/2023:10:21:47 +0000] "GET /assets/webpack/gitlab-vscode/0.0.1-dev-20230407181558/vscode/out/vs/workbench/services/keybinding/browser/keyboardLayouts/layout.contribution.linux.js HTTP/1.1" 200 3340 "http://localhost:8080/-/ide/project/gitlab-instance-5117b8af/final-exam-git/edit/main/-/.gitlab-ci.yml" "Mozilla/5.0 (X11; Ubuntu; Linux x86_64; rv:109.0) Gecko/20100101 Firefox/112.0" -
172.18.0.1 - - [28/Apr/2023:10:21:48 +0000] "GET /assets/webpack/gitlab-vscode/0.0.1-dev-20230407181558/vscode/out/vs/base/browser/ui/codicons/codicon/codicon.ttf?5d4d76ab2ce5108968ad644d591a16a6 HTTP/1.1" 200 40770 "http://localhost:8080/assets/webpack/gitlab-vscode/0.0.1-dev-20230407181558/vscode/out/vs/workbench/workbench.web.main.css" "Mozilla/5.0 (X11; Ubuntu; Linux x86_64; rv:109.0) Gecko/20100101 Firefox/112.0" -
172.18.0.1 - - [28/Apr/2023:10:21:48 +0000] "GET /assets/webpack/gitlab-vscode/0.0.1-dev-20230407181558/vscode/out/vs/workbench/services/extensions/worker/webWorkerExtensionHostIframe.html?&vscodeWebWorkerExtHostId=0f42405c-a8db-40a1-af0e-cd12d62b1583 HTTP/1.1" 200 1594 "http://localhost:8080/-/ide/project/gitlab-instance-5117b8af/final-exam-git/edit/main/-/.gitlab-ci.yml" "Mozilla/5.0 (X11; Ubuntu; Linux x86_64; rv:109.0) Gecko/20100101 Firefox/112.0" -
172.18.0.1 - - [28/Apr/2023:10:21:48 +0000] "GET /assets/webpack/gitlab-vscode/0.0.1-dev-20230407181558/vscode/extensions/theme-seti/icons/vs-seti-icon-theme.json HTTP/1.1" 200 7258 "http://localhost:8080/-/ide/project/gitlab-instance-5117b8af/final-exam-git/edit/main/-/.gitlab-ci.yml" "Mozilla/5.0 (X11; Ubuntu; Linux x86_64; rv:109.0) Gecko/20100101 Firefox/112.0" -
172.18.0.1 - - [28/Apr/2023:10:21:48 +0000] "GET /assets/webpack/gitlab-vscode/0.0.1-dev-20230407181558/vscode/extensions/gitlab-web-ide/assets/themes/GitLab_Dark-color-theme.json HTTP/1.1" 200 7390 "http://localhost:8080/-/ide/project/gitlab-instance-5117b8af/final-exam-git/edit/main/-/.gitlab-ci.yml" "Mozilla/5.0 (X11; Ubuntu; Linux x86_64; rv:109.0) Gecko/20100101 Firefox/112.0" -
172.18.0.1 - - [28/Apr/2023:10:21:48 +0000] "GET /assets/webpack/gitlab-vscode/0.0.1-dev-20230407181558/vscode/out/vs/base/worker/workerMain.js HTTP/1.1" 200 100004 "http://localhost:8080/assets/webpack/gitlab-vscode/0.0.1-dev-20230407181558/vscode/out/vs/workbench/services/extensions/worker/webWorkerExtensionHostIframe.html" "Mozilla/5.0 (X11; Ubuntu; Linux x86_64; rv:109.0) Gecko/20100101 Firefox/112.0" -
172.18.0.1 - - [28/Apr/2023:10:21:48 +0000] "GET /assets/webpack/gitlab-vscode/0.0.1-dev-20230407181558/vscode/extensions/gitlab-web-ide/assets/fonts/gitlab_webide.woff HTTP/1.1" 200 1236 "http://localhost:8080/-/ide/project/gitlab-instance-5117b8af/final-exam-git/edit/main/-/.gitlab-ci.yml" "Mozilla/5.0 (X11; Ubuntu; Linux x86_64; rv:109.0) Gecko/20100101 Firefox/112.0" -
172.18.0.1 - - [28/Apr/2023:10:21:48 +0000] "GET /assets/webpack/gitlab-vscode/0.0.1-dev-20230407181558/vscode/out/vs/editor/common/services/editorSimpleWorker.nls.js HTTP/1.1" 200 257 "http://localhost:8080/assets/webpack/gitlab-vscode/0.0.1-dev-20230407181558/vscode/out/vs/base/worker/workerMain.js" "Mozilla/5.0 (X11; Ubuntu; Linux x86_64; rv:109.0) Gecko/20100101 Firefox/112.0" -
172.18.0.1 - - [28/Apr/2023:10:21:48 +0000] "GET /assets/webpack/gitlab-vscode/0.0.1-dev-20230407181558/vscode/out/vs/workbench/api/worker/extensionHostWorker.js HTTP/1.1" 200 291325 "http://localhost:8080/assets/webpack/gitlab-vscode/0.0.1-dev-20230407181558/vscode/out/vs/base/worker/workerMain.js" "Mozilla/5.0 (X11; Ubuntu; Linux x86_64; rv:109.0) Gecko/20100101 Firefox/112.0" -
172.18.0.1 - - [28/Apr/2023:10:21:48 +0000] "GET /assets/webpack/gitlab-vscode/0.0.1-dev-20230407181558/vscode/out/vs/workbench/api/worker/extensionHostWorker.nls.js HTTP/1.1" 200 11867 "http://localhost:8080/assets/webpack/gitlab-vscode/0.0.1-dev-20230407181558/vscode/out/vs/base/worker/workerMain.js" "Mozilla/5.0 (X11; Ubuntu; Linux x86_64; rv:109.0) Gecko/20100101 Firefox/112.0" -
172.18.0.1 - - [28/Apr/2023:10:21:48 +0000] "GET /assets/webpack/gitlab-vscode/0.0.1-dev-20230407181558/vscode/extensions/gitlab-web-ide/main.js HTTP/1.1" 200 267928 "http://localhost:8080/assets/webpack/gitlab-vscode/0.0.1-dev-20230407181558/vscode/out/vs/base/worker/workerMain.js" "Mozilla/5.0 (X11; Ubuntu; Linux x86_64; rv:109.0) Gecko/20100101 Firefox/112.0" -
172.18.0.1 - - [28/Apr/2023:10:21:48 +0000] "GET /assets/webpack/gitlab-vscode/0.0.1-dev-20230407181558/vscode/extensions/git-base/dist/browser/extension.js HTTP/1.1" 200 2724 "http://localhost:8080/assets/webpack/gitlab-vscode/0.0.1-dev-20230407181558/vscode/out/vs/base/worker/workerMain.js" "Mozilla/5.0 (X11; Ubuntu; Linux x86_64; rv:109.0) Gecko/20100101 Firefox/112.0" -
172.18.0.1 - - [28/Apr/2023:10:21:48 +0000] "GET /assets/webpack/gitlab-vscode/0.0.1-dev-20230407181558/vscode/extensions/emmet/dist/browser/emmetBrowserMain.js HTTP/1.1" 200 74904 "http://localhost:8080/assets/webpack/gitlab-vscode/0.0.1-dev-20230407181558/vscode/out/vs/base/worker/workerMain.js" "Mozilla/5.0 (X11; Ubuntu; Linux x86_64; rv:109.0) Gecko/20100101 Firefox/112.0" -
172.18.0.1 - - [28/Apr/2023:10:21:48 +0000] "GET /assets/webpack/gitlab-vscode/0.0.1-dev-20230407181558/vscode/extensions/npm/dist/browser/npmBrowserMain.js HTTP/1.1" 200 11396 "http://localhost:8080/assets/webpack/gitlab-vscode/0.0.1-dev-20230407181558/vscode/out/vs/base/worker/workerMain.js" "Mozilla/5.0 (X11; Ubuntu; Linux x86_64; rv:109.0) Gecko/20100101 Firefox/112.0" -
172.18.0.1 - - [28/Apr/2023:10:21:48 +0000] "GET /assets/webpack/gitlab-vscode/0.0.1-dev-20230407181558/vscode/extensions/theme-seti/icons/seti.woff HTTP/1.1" 200 37200 "http://localhost:8080/-/ide/project/gitlab-instance-5117b8af/final-exam-git/edit/main/-/.gitlab-ci.yml" "Mozilla/5.0 (X11; Ubuntu; Linux x86_64; rv:109.0) Gecko/20100101 Firefox/112.0" -
172.18.0.1 - - [28/Apr/2023:10:21:48 +0000] "GET /assets/webpack/gitlab-vscode/0.0.1-dev-20230407181558/vscode/extensions/gitlab-web-ide/assets/images/gitlab_logo.svg HTTP/1.1" 200 382 "http://localhost:8080/-/ide/project/gitlab-instance-5117b8af/final-exam-git/edit/main/-/.gitlab-ci.yml" "Mozilla/5.0 (X11; Ubuntu; Linux x86_64; rv:109.0) Gecko/20100101 Firefox/112.0" -
172.18.0.1 - - [28/Apr/2023:10:21:48 +0000] "GET /assets/webpack/gitlab-vscode/0.0.1-dev-20230407181558/vscode/extensions/gitlab-web-ide/assets/images/step1.svg HTTP/1.1" 200 16125 "http://localhost:8080/-/ide/project/gitlab-instance-5117b8af/final-exam-git/edit/main/-/.gitlab-ci.yml" "Mozilla/5.0 (X11; Ubuntu; Linux x86_64; rv:109.0) Gecko/20100101 Firefox/112.0" -
172.18.0.1 - - [28/Apr/2023:10:21:48 +0000] "GET /assets/webpack/gitlab-vscode/0.0.1-dev-20230407181558/vscode/extensions/merge-conflict/dist/browser/mergeConflictMain.js HTTP/1.1" 200 54083 "http://localhost:8080/assets/webpack/gitlab-vscode/0.0.1-dev-20230407181558/vscode/out/vs/base/worker/workerMain.js" "Mozilla/5.0 (X11; Ubuntu; Linux x86_64; rv:109.0) Gecko/20100101 Firefox/112.0" -
172.18.0.1 - - [28/Apr/2023:10:21:48 +0000] "GET /assets/webpack/gitlab-vscode/0.0.1-dev-20230407181558/vscode/bundled_node_modules/vscode-oniguruma/release/main.js HTTP/1.1" 200 4311 "http://localhost:8080/-/ide/project/gitlab-instance-5117b8af/final-exam-git/edit/main/-/.gitlab-ci.yml" "Mozilla/5.0 (X11; Ubuntu; Linux x86_64; rv:109.0) Gecko/20100101 Firefox/112.0" -
172.18.0.1 - - [28/Apr/2023:10:21:48 +0000] "GET /assets/webpack/gitlab-vscode/0.0.1-dev-20230407181558/vscode/bundled_node_modules/vscode-textmate/release/main.js HTTP/1.1" 200 15351 "http://localhost:8080/-/ide/project/gitlab-instance-5117b8af/final-exam-git/edit/main/-/.gitlab-ci.yml" "Mozilla/5.0 (X11; Ubuntu; Linux x86_64; rv:109.0) Gecko/20100101 Firefox/112.0" -
172.18.0.1 - - [28/Apr/2023:10:21:48 +0000] "GET /assets/webpack/gitlab-vscode/0.0.1-dev-20230407181558/vscode/bundled_node_modules/vscode-oniguruma/release/onig.wasm HTTP/1.1" 200 148547 "http://localhost:8080/-/ide/project/gitlab-instance-5117b8af/final-exam-git/edit/main/-/.gitlab-ci.yml" "Mozilla/5.0 (X11; Ubuntu; Linux x86_64; rv:109.0) Gecko/20100101 Firefox/112.0" -
172.18.0.1 - - [28/Apr/2023:10:21:48 +0000] "GET /assets/webpack/gitlab-vscode/0.0.1-dev-20230407181558/vscode/extensions/log/syntaxes/log.tmLanguage.json HTTP/1.1" 200 1046 "http://localhost:8080/-/ide/project/gitlab-instance-5117b8af/final-exam-git/edit/main/-/.gitlab-ci.yml" "Mozilla/5.0 (X11; Ubuntu; Linux x86_64; rv:109.0) Gecko/20100101 Firefox/112.0" -
172.18.0.1 - - [28/Apr/2023:10:22:17 +0000] "GET /gitlab-instance-5117b8af/final-exam-git/-/blob/main/.gitlab-ci.yml HTTP/1.1" 200 25555 "" "Mozilla/5.0 (X11; Ubuntu; Linux x86_64; rv:109.0) Gecko/20100101 Firefox/112.0" 4.63
172.18.0.1 - - [28/Apr/2023:10:22:17 +0000] "GET /assets/webpack/pages.projects.blob.show.901938c9.chunk.js HTTP/1.1" 200 0 "http://localhost:8080/gitlab-instance-5117b8af/final-exam-git/-/blob/main/.gitlab-ci.yml" "Mozilla/5.0 (X11; Ubuntu; Linux x86_64; rv:109.0) Gecko/20100101 Firefox/112.0" -
172.18.0.1 - - [28/Apr/2023:10:22:17 +0000] "POST /api/graphql HTTP/1.1" 200 1096 "http://localhost:8080/gitlab-instance-5117b8af/final-exam-git/-/blob/main/.gitlab-ci.yml" "Mozilla/5.0 (X11; Ubuntu; Linux x86_64; rv:109.0) Gecko/20100101 Firefox/112.0" 3.86
172.18.0.1 - - [28/Apr/2023:10:22:17 +0000] "GET /gitlab-instance-5117b8af/final-exam-git/-/blob/main/.gitlab-ci.yml?format=json&viewer=auxiliary HTTP/1.1" 304 0 "http://localhost:8080/gitlab-instance-5117b8af/final-exam-git/-/blob/main/.gitlab-ci.yml" "Mozilla/5.0 (X11; Ubuntu; Linux x86_64; rv:109.0) Gecko/20100101 Firefox/112.0" -
172.18.0.1 - - [28/Apr/2023:10:22:17 +0000] "GET /api/v4/projects/2/repository/tags?search=&per_page=20 HTTP/1.1" 304 0 "http://localhost:8080/gitlab-instance-5117b8af/final-exam-git/-/blob/main/.gitlab-ci.yml" "Mozilla/5.0 (X11; Ubuntu; Linux x86_64; rv:109.0) Gecko/20100101 Firefox/112.0" -
172.18.0.1 - - [28/Apr/2023:10:22:17 +0000] "GET /api/v4/projects/2/repository/branches?search=&per_page=20&sort=updated_desc HTTP/1.1" 304 0 "http://localhost:8080/gitlab-instance-5117b8af/final-exam-git/-/blob/main/.gitlab-ci.yml" "Mozilla/5.0 (X11; Ubuntu; Linux x86_64; rv:109.0) Gecko/20100101 Firefox/112.0" -
172.18.0.1 - - [28/Apr/2023:10:22:17 +0000] "GET /gitlab-instance-5117b8af/final-exam-git/-/commits/371fb1bb3d1d4fc6a5b113923db202ae33202a24/signatures?limit=1 HTTP/1.1" 304 0 "http://localhost:8080/gitlab-instance-5117b8af/final-exam-git/-/blob/main/.gitlab-ci.yml" "Mozilla/5.0 (X11; Ubuntu; Linux x86_64; rv:109.0) Gecko/20100101 Firefox/112.0" -
172.18.0.1 - - [28/Apr/2023:10:22:17 +0000] "POST /api/graphql HTTP/1.1" 200 240 "http://localhost:8080/gitlab-instance-5117b8af/final-exam-git/-/blob/main/.gitlab-ci.yml" "Mozilla/5.0 (X11; Ubuntu; Linux x86_64; rv:109.0) Gecko/20100101 Firefox/112.0" 1.78
172.18.0.1 - - [28/Apr/2023:10:22:18 +0000] "GET /gitlab-instance-5117b8af/final-exam-git/-/commit/371fb1bb3d1d4fc6a5b113923db202ae33202a24/pipelines?ref=main HTTP/1.1" 200 1258 "http://localhost:8080/gitlab-instance-5117b8af/final-exam-git/-/blob/main/.gitlab-ci.yml" "Mozilla/5.0 (X11; Ubuntu; Linux x86_64; rv:109.0) Gecko/20100101 Firefox/112.0" 3.86
127.0.0.1 - - [28/Apr/2023:10:22:27 +0000] "GET /help HTTP/1.1" 200 74139 "" "curl/8.0.1-DEV" -
172.18.0.1 - - [28/Apr/2023:10:22:28 +0000] "GET /gitlab-instance-5117b8af/final-exam-git/-/commit/371fb1bb3d1d4fc6a5b113923db202ae33202a24/pipelines?ref=main HTTP/1.1" 304 0 "http://localhost:8080/gitlab-instance-5117b8af/final-exam-git/-/blob/main/.gitlab-ci.yml" "Mozilla/5.0 (X11; Ubuntu; Linux x86_64; rv:109.0) Gecko/20100101 Firefox/112.0" -
172.18.0.1 - - [28/Apr/2023:10:22:38 +0000] "GET /gitlab-instance-5117b8af/final-exam-git/-/commit/371fb1bb3d1d4fc6a5b113923db202ae33202a24/pipelines?ref=main HTTP/1.1" 304 0 "http://localhost:8080/gitlab-instance-5117b8af/final-exam-git/-/blob/main/.gitlab-ci.yml" "Mozilla/5.0 (X11; Ubuntu; Linux x86_64; rv:109.0) Gecko/20100101 Firefox/112.0" -
127.0.0.1 - - [28/Apr/2023:10:23:27 +0000] "GET /help HTTP/1.1" 200 74139 "" "curl/8.0.1-DEV" -
127.0.0.1 - - [28/Apr/2023:10:24:27 +0000] "GET /help HTTP/1.1" 200 74139 "" "curl/8.0.1-DEV" -
172.18.0.2 - - [28/Apr/2023:10:25:28 +0000] "POST /api/v4/runners HTTP/1.1" 201 63 "" "gitlab-runner 15.11.0 (15-11-stable; go1.19.6; linux/amd64)" -
127.0.0.1 - - [28/Apr/2023:10:25:28 +0000] "GET /help HTTP/1.1" 200 74139 "" "curl/8.0.1-DEV" -
172.18.0.2 - - [28/Apr/2023:10:25:31 +0000] "POST /api/v4/jobs/request HTTP/1.1" 204 0 "" "gitlab-runner 15.11.0 (15-11-stable; go1.19.6; linux/amd64)" -
172.18.0.3 - - [28/Apr/2023:10:25:31 +0000] "POST /api/v4/jobs/request HTTP/1.1" 204 0 "" "gitlab-runner 15.11.0 (15-11-stable; go1.19.6; linux/amd64)" -
172.18.0.2 - - [28/Apr/2023:10:25:34 +0000] "POST /api/v4/jobs/request HTTP/1.1" 204 0 "" "gitlab-runner 15.11.0 (15-11-stable; go1.19.6; linux/amd64)" -
172.18.0.3 - - [28/Apr/2023:10:25:34 +0000] "POST /api/v4/jobs/request HTTP/1.1" 204 0 "" "gitlab-runner 15.11.0 (15-11-stable; go1.19.6; linux/amd64)" -
172.18.0.2 - - [28/Apr/2023:10:25:37 +0000] "POST /api/v4/jobs/request HTTP/1.1" 204 0 "" "gitlab-runner 15.11.0 (15-11-stable; go1.19.6; linux/amd64)" -
172.18.0.3 - - [28/Apr/2023:10:25:37 +0000] "POST /api/v4/jobs/request HTTP/1.1" 204 0 "" "gitlab-runner 15.11.0 (15-11-stable; go1.19.6; linux/amd64)" -
172.18.0.3 - - [28/Apr/2023:10:25:38 +0000] "POST /api/v4/runners HTTP/1.1" 201 63 "" "gitlab-runner 15.11.0 (15-11-stable; go1.19.6; linux/amd64)" -
172.18.0.2 - - [28/Apr/2023:10:25:40 +0000] "POST /api/v4/jobs/request HTTP/1.1" 204 0 "" "gitlab-runner 15.11.0 (15-11-stable; go1.19.6; linux/amd64)" -
172.18.0.3 - - [28/Apr/2023:10:25:40 +0000] "POST /api/v4/jobs/request HTTP/1.1" 204 0 "" "gitlab-runner 15.11.0 (15-11-stable; go1.19.6; linux/amd64)" -
172.18.0.2 - - [28/Apr/2023:10:25:43 +0000] "POST /api/v4/jobs/request HTTP/1.1" 204 0 "" "gitlab-runner 15.11.0 (15-11-stable; go1.19.6; linux/amd64)" -
172.18.0.3 - - [28/Apr/2023:10:25:43 +0000] "POST /api/v4/jobs/request HTTP/1.1" 204 0 "" "gitlab-runner 15.11.0 (15-11-stable; go1.19.6; linux/amd64)" -
172.18.0.3 - - [28/Apr/2023:10:25:45 +0000] "POST /api/v4/jobs/request HTTP/1.1" 204 0 "" "gitlab-runner 15.11.0 (15-11-stable; go1.19.6; linux/amd64)" -
172.18.0.2 - - [28/Apr/2023:10:25:45 +0000] "POST /api/v4/jobs/request HTTP/1.1" 204 0 "" "gitlab-runner 15.11.0 (15-11-stable; go1.19.6; linux/amd64)" -
172.18.0.2 - - [28/Apr/2023:10:25:46 +0000] "POST /api/v4/jobs/request HTTP/1.1" 204 0 "" "gitlab-runner 15.11.0 (15-11-stable; go1.19.6; linux/amd64)" -
172.18.0.3 - - [28/Apr/2023:10:25:46 +0000] "POST /api/v4/jobs/request HTTP/1.1" 204 0 "" "gitlab-runner 15.11.0 (15-11-stable; go1.19.6; linux/amd64)" -
172.18.0.2 - - [28/Apr/2023:10:25:48 +0000] "POST /api/v4/jobs/request HTTP/1.1" 204 0 "" "gitlab-runner 15.11.0 (15-11-stable; go1.19.6; linux/amd64)" -
172.18.0.3 - - [28/Apr/2023:10:25:48 +0000] "POST /api/v4/jobs/request HTTP/1.1" 204 0 "" "gitlab-runner 15.11.0 (15-11-stable; go1.19.6; linux/amd64)" -
172.18.0.2 - - [28/Apr/2023:10:25:49 +0000] "POST /api/v4/jobs/request HTTP/1.1" 204 0 "" "gitlab-runner 15.11.0 (15-11-stable; go1.19.6; linux/amd64)" -
172.18.0.3 - - [28/Apr/2023:10:25:49 +0000] "POST /api/v4/jobs/request HTTP/1.1" 204 0 "" "gitlab-runner 15.11.0 (15-11-stable; go1.19.6; linux/amd64)" -
172.18.0.2 - - [28/Apr/2023:10:25:51 +0000] "POST /api/v4/jobs/request HTTP/1.1" 204 0 "" "gitlab-runner 15.11.0 (15-11-stable; go1.19.6; linux/amd64)" -
172.18.0.3 - - [28/Apr/2023:10:25:51 +0000] "POST /api/v4/jobs/request HTTP/1.1" 204 0 "" "gitlab-runner 15.11.0 (15-11-stable; go1.19.6; linux/amd64)" -
172.18.0.2 - - [28/Apr/2023:10:25:52 +0000] "POST /api/v4/jobs/request HTTP/1.1" 204 0 "" "gitlab-runner 15.11.0 (15-11-stable; go1.19.6; linux/amd64)" -
172.18.0.3 - - [28/Apr/2023:10:25:52 +0000] "POST /api/v4/jobs/request HTTP/1.1" 204 0 "" "gitlab-runner 15.11.0 (15-11-stable; go1.19.6; linux/amd64)" -
172.18.0.2 - - [28/Apr/2023:10:25:54 +0000] "POST /api/v4/jobs/request HTTP/1.1" 204 0 "" "gitlab-runner 15.11.0 (15-11-stable; go1.19.6; linux/amd64)" -
172.18.0.3 - - [28/Apr/2023:10:25:54 +0000] "POST /api/v4/jobs/request HTTP/1.1" 204 0 "" "gitlab-runner 15.11.0 (15-11-stable; go1.19.6; linux/amd64)" -
172.18.0.2 - - [28/Apr/2023:10:25:55 +0000] "POST /api/v4/jobs/request HTTP/1.1" 204 0 "" "gitlab-runner 15.11.0 (15-11-stable; go1.19.6; linux/amd64)" -
172.18.0.3 - - [28/Apr/2023:10:25:55 +0000] "POST /api/v4/jobs/request HTTP/1.1" 204 0 "" "gitlab-runner 15.11.0 (15-11-stable; go1.19.6; linux/amd64)" -
172.18.0.2 - - [28/Apr/2023:10:25:57 +0000] "POST /api/v4/jobs/request HTTP/1.1" 204 0 "" "gitlab-runner 15.11.0 (15-11-stable; go1.19.6; linux/amd64)" -
172.18.0.3 - - [28/Apr/2023:10:25:57 +0000] "POST /api/v4/jobs/request HTTP/1.1" 204 0 "" "gitlab-runner 15.11.0 (15-11-stable; go1.19.6; linux/amd64)" -
172.18.0.2 - - [28/Apr/2023:10:25:58 +0000] "POST /api/v4/jobs/request HTTP/1.1" 204 0 "" "gitlab-runner 15.11.0 (15-11-stable; go1.19.6; linux/amd64)" -
172.18.0.3 - - [28/Apr/2023:10:25:58 +0000] "POST /api/v4/jobs/request HTTP/1.1" 204 0 "" "gitlab-runner 15.11.0 (15-11-stable; go1.19.6; linux/amd64)" -
172.18.0.2 - - [28/Apr/2023:10:26:00 +0000] "POST /api/v4/jobs/request HTTP/1.1" 204 0 "" "gitlab-runner 15.11.0 (15-11-stable; go1.19.6; linux/amd64)" -
172.18.0.3 - - [28/Apr/2023:10:26:00 +0000] "POST /api/v4/jobs/request HTTP/1.1" 204 0 "" "gitlab-runner 15.11.0 (15-11-stable; go1.19.6; linux/amd64)" -
172.18.0.2 - - [28/Apr/2023:10:26:01 +0000] "POST /api/v4/jobs/request HTTP/1.1" 204 0 "" "gitlab-runner 15.11.0 (15-11-stable; go1.19.6; linux/amd64)" -
172.18.0.3 - - [28/Apr/2023:10:26:01 +0000] "POST /api/v4/jobs/request HTTP/1.1" 204 0 "" "gitlab-runner 15.11.0 (15-11-stable; go1.19.6; linux/amd64)" -
172.18.0.2 - - [28/Apr/2023:10:26:03 +0000] "POST /api/v4/jobs/request HTTP/1.1" 204 0 "" "gitlab-runner 15.11.0 (15-11-stable; go1.19.6; linux/amd64)" -
172.18.0.3 - - [28/Apr/2023:10:26:03 +0000] "POST /api/v4/jobs/request HTTP/1.1" 204 0 "" "gitlab-runner 15.11.0 (15-11-stable; go1.19.6; linux/amd64)" -
172.18.0.2 - - [28/Apr/2023:10:26:04 +0000] "POST /api/v4/jobs/request HTTP/1.1" 204 0 "" "gitlab-runner 15.11.0 (15-11-stable; go1.19.6; linux/amd64)" -
172.18.0.3 - - [28/Apr/2023:10:26:04 +0000] "POST /api/v4/jobs/request HTTP/1.1" 204 0 "" "gitlab-runner 15.11.0 (15-11-stable; go1.19.6; linux/amd64)" -
172.18.0.2 - - [28/Apr/2023:10:26:06 +0000] "POST /api/v4/jobs/request HTTP/1.1" 204 0 "" "gitlab-runner 15.11.0 (15-11-stable; go1.19.6; linux/amd64)" -
172.18.0.3 - - [28/Apr/2023:10:26:06 +0000] "POST /api/v4/jobs/request HTTP/1.1" 204 0 "" "gitlab-runner 15.11.0 (15-11-stable; go1.19.6; linux/amd64)" -
172.18.0.2 - - [28/Apr/2023:10:26:07 +0000] "POST /api/v4/jobs/request HTTP/1.1" 204 0 "" "gitlab-runner 15.11.0 (15-11-stable; go1.19.6; linux/amd64)" -
172.18.0.3 - - [28/Apr/2023:10:26:07 +0000] "POST /api/v4/jobs/request HTTP/1.1" 204 0 "" "gitlab-runner 15.11.0 (15-11-stable; go1.19.6; linux/amd64)" -
172.18.0.1 - - [28/Apr/2023:10:26:07 +0000] "GET /gitlab-instance-5117b8af/final-exam-git/-/commit/371fb1bb3d1d4fc6a5b113923db202ae33202a24/pipelines?ref=main HTTP/1.1" 304 0 "http://localhost:8080/gitlab-instance-5117b8af/final-exam-git/-/blob/main/.gitlab-ci.yml" "Mozilla/5.0 (X11; Ubuntu; Linux x86_64; rv:109.0) Gecko/20100101 Firefox/112.0" -
172.18.0.2 - - [28/Apr/2023:10:26:09 +0000] "POST /api/v4/jobs/request HTTP/1.1" 204 0 "" "gitlab-runner 15.11.0 (15-11-stable; go1.19.6; linux/amd64)" -
172.18.0.3 - - [28/Apr/2023:10:26:09 +0000] "POST /api/v4/jobs/request HTTP/1.1" 204 0 "" "gitlab-runner 15.11.0 (15-11-stable; go1.19.6; linux/amd64)" -
172.18.0.2 - - [28/Apr/2023:10:26:10 +0000] "POST /api/v4/jobs/request HTTP/1.1" 204 0 "" "gitlab-runner 15.11.0 (15-11-stable; go1.19.6; linux/amd64)" -
172.18.0.3 - - [28/Apr/2023:10:26:10 +0000] "POST /api/v4/jobs/request HTTP/1.1" 204 0 "" "gitlab-runner 15.11.0 (15-11-stable; go1.19.6; linux/amd64)" -
172.18.0.1 - - [28/Apr/2023:10:26:12 +0000] "GET /gitlab-instance-5117b8af/final-exam-git/-/blob/main/.gitlab-ci.yml HTTP/1.1" 499 0 "http://localhost:8080/gitlab-instance-5117b8af/final-exam-git/-/new/main/" "Mozilla/5.0 (X11; Ubuntu; Linux x86_64; rv:109.0) Gecko/20100101 Firefox/112.0" -
172.18.0.2 - - [28/Apr/2023:10:26:12 +0000] "POST /api/v4/jobs/request HTTP/1.1" 204 0 "" "gitlab-runner 15.11.0 (15-11-stable; go1.19.6; linux/amd64)" -
172.18.0.3 - - [28/Apr/2023:10:26:12 +0000] "POST /api/v4/jobs/request HTTP/1.1" 204 0 "" "gitlab-runner 15.11.0 (15-11-stable; go1.19.6; linux/amd64)" -
172.18.0.1 - - [28/Apr/2023:10:26:12 +0000] "POST /api/graphql HTTP/1.1" 200 1096 "http://localhost:8080/gitlab-instance-5117b8af/final-exam-git/-/blob/main/.gitlab-ci.yml" "Mozilla/5.0 (X11; Ubuntu; Linux x86_64; rv:109.0) Gecko/20100101 Firefox/112.0" 3.86
172.18.0.1 - - [28/Apr/2023:10:26:12 +0000] "POST /api/graphql HTTP/1.1" 200 240 "http://localhost:8080/gitlab-instance-5117b8af/final-exam-git/-/blob/main/.gitlab-ci.yml" "Mozilla/5.0 (X11; Ubuntu; Linux x86_64; rv:109.0) Gecko/20100101 Firefox/112.0" 1.78
172.18.0.1 - - [28/Apr/2023:10:26:13 +0000] "GET /assets/jetbrains-mono/JetBrainsMono-Italic-cb6a1b246318ed3885d7dffa14a2609297fe80e9b8e500bea33b52fa312a36a4.woff2 HTTP/1.1" 200 0 "http://localhost:8080/assets/fonts-3dcf267c9a9dc2c5b7a0ae5b757830104751a7ece87820521d6bb22dd665b2f8.css" "Mozilla/5.0 (X11; Ubuntu; Linux x86_64; rv:109.0) Gecko/20100101 Firefox/112.0" -
172.18.0.1 - - [28/Apr/2023:10:26:13 +0000] "GET /assets/webpack/873.9639ae7f.chunk.js HTTP/1.1" 200 0 "http://localhost:8080/gitlab-instance-5117b8af/final-exam-git/-/new/main/" "Mozilla/5.0 (X11; Ubuntu; Linux x86_64; rv:109.0) Gecko/20100101 Firefox/112.0" -
172.18.0.2 - - [28/Apr/2023:10:26:13 +0000] "POST /api/v4/jobs/request HTTP/1.1" 204 0 "" "gitlab-runner 15.11.0 (15-11-stable; go1.19.6; linux/amd64)" -
172.18.0.1 - - [28/Apr/2023:10:26:13 +0000] "GET /gitlab-instance-5117b8af/final-exam-git HTTP/1.1" 499 0 "http://localhost:8080/" "Mozilla/5.0 (X11; Ubuntu; Linux x86_64; rv:109.0) Gecko/20100101 Firefox/112.0" -
172.18.0.3 - - [28/Apr/2023:10:26:13 +0000] "POST /api/v4/jobs/request HTTP/1.1" 204 0 "" "gitlab-runner 15.11.0 (15-11-stable; go1.19.6; linux/amd64)" -
172.18.0.1 - - [28/Apr/2023:10:26:13 +0000] "POST /api/graphql HTTP/1.1" 200 577 "http://localhost:8080/gitlab-instance-5117b8af/final-exam-git" "Mozilla/5.0 (X11; Ubuntu; Linux x86_64; rv:109.0) Gecko/20100101 Firefox/112.0" 2.40
172.18.0.1 - - [28/Apr/2023:10:26:14 +0000] "POST /api/graphql HTTP/1.1" 499 0 "http://localhost:8080/gitlab-instance-5117b8af/final-exam-git" "Mozilla/5.0 (X11; Ubuntu; Linux x86_64; rv:109.0) Gecko/20100101 Firefox/112.0" -
172.18.0.1 - - [28/Apr/2023:10:26:14 +0000] "POST /api/graphql HTTP/1.1" 499 0 "http://localhost:8080/gitlab-instance-5117b8af/final-exam-git" "Mozilla/5.0 (X11; Ubuntu; Linux x86_64; rv:109.0) Gecko/20100101 Firefox/112.0" -
172.18.0.2 - - [28/Apr/2023:10:26:15 +0000] "POST /api/v4/jobs/request HTTP/1.1" 204 0 "" "gitlab-runner 15.11.0 (15-11-stable; go1.19.6; linux/amd64)" -
172.18.0.3 - - [28/Apr/2023:10:26:15 +0000] "POST /api/v4/jobs/request HTTP/1.1" 204 0 "" "gitlab-runner 15.11.0 (15-11-stable; go1.19.6; linux/amd64)" -
172.18.0.2 - - [28/Apr/2023:10:26:16 +0000] "POST /api/v4/jobs/request HTTP/1.1" 204 0 "" "gitlab-runner 15.11.0 (15-11-stable; go1.19.6; linux/amd64)" -
172.18.0.3 - - [28/Apr/2023:10:26:16 +0000] "POST /api/v4/jobs/request HTTP/1.1" 204 0 "" "gitlab-runner 15.11.0 (15-11-stable; go1.19.6; linux/amd64)" -
172.18.0.2 - - [28/Apr/2023:10:26:18 +0000] "POST /api/v4/jobs/request HTTP/1.1" 204 0 "" "gitlab-runner 15.11.0 (15-11-stable; go1.19.6; linux/amd64)" -
172.18.0.3 - - [28/Apr/2023:10:26:18 +0000] "POST /api/v4/jobs/request HTTP/1.1" 204 0 "" "gitlab-runner 15.11.0 (15-11-stable; go1.19.6; linux/amd64)" -
172.18.0.2 - - [28/Apr/2023:10:26:19 +0000] "POST /api/v4/jobs/request HTTP/1.1" 204 0 "" "gitlab-runner 15.11.0 (15-11-stable; go1.19.6; linux/amd64)" -
172.18.0.3 - - [28/Apr/2023:10:26:19 +0000] "POST /api/v4/jobs/request HTTP/1.1" 204 0 "" "gitlab-runner 15.11.0 (15-11-stable; go1.19.6; linux/amd64)" -
172.18.0.1 - - [28/Apr/2023:10:26:21 +0000] "GET /admin/runners HTTP/1.1" 200 20236 "" "Mozilla/5.0 (X11; Ubuntu; Linux x86_64; rv:109.0) Gecko/20100101 Firefox/112.0" 4.58
172.18.0.2 - - [28/Apr/2023:10:26:21 +0000] "POST /api/v4/jobs/request HTTP/1.1" 204 0 "" "gitlab-runner 15.11.0 (15-11-stable; go1.19.6; linux/amd64)" -
172.18.0.3 - - [28/Apr/2023:10:26:21 +0000] "POST /api/v4/jobs/request HTTP/1.1" 204 0 "" "gitlab-runner 15.11.0 (15-11-stable; go1.19.6; linux/amd64)" -
172.18.0.1 - - [28/Apr/2023:10:26:21 +0000] "POST /api/graphql HTTP/1.1" 200 611 "http://localhost:8080/admin/runners" "Mozilla/5.0 (X11; Ubuntu; Linux x86_64; rv:109.0) Gecko/20100101 Firefox/112.0" 2.65
172.18.0.1 - - [28/Apr/2023:10:26:21 +0000] "POST /api/graphql HTTP/1.1" 200 102 "http://localhost:8080/admin/runners" "Mozilla/5.0 (X11; Ubuntu; Linux x86_64; rv:109.0) Gecko/20100101 Firefox/112.0" 2.96
172.18.0.1 - - [28/Apr/2023:10:26:21 +0000] "POST /api/graphql HTTP/1.1" 200 202 "http://localhost:8080/admin/runners" "Mozilla/5.0 (X11; Ubuntu; Linux x86_64; rv:109.0) Gecko/20100101 Firefox/112.0" -
172.18.0.2 - - [28/Apr/2023:10:26:22 +0000] "POST /api/v4/jobs/request HTTP/1.1" 204 0 "" "gitlab-runner 15.11.0 (15-11-stable; go1.19.6; linux/amd64)" -
172.18.0.3 - - [28/Apr/2023:10:26:22 +0000] "POST /api/v4/jobs/request HTTP/1.1" 204 0 "" "gitlab-runner 15.11.0 (15-11-stable; go1.19.6; linux/amd64)" -
172.18.0.2 - - [28/Apr/2023:10:26:24 +0000] "POST /api/v4/jobs/request HTTP/1.1" 204 0 "" "gitlab-runner 15.11.0 (15-11-stable; go1.19.6; linux/amd64)" -
172.18.0.3 - - [28/Apr/2023:10:26:24 +0000] "POST /api/v4/jobs/request HTTP/1.1" 204 0 "" "gitlab-runner 15.11.0 (15-11-stable; go1.19.6; linux/amd64)" -
172.18.0.1 - - [28/Apr/2023:10:26:25 +0000] "GET / HTTP/1.1" 200 21148 "http://localhost:8080/admin/runners" "Mozilla/5.0 (X11; Ubuntu; Linux x86_64; rv:109.0) Gecko/20100101 Firefox/112.0" 4.60
172.18.0.2 - - [28/Apr/2023:10:26:25 +0000] "POST /api/v4/jobs/request HTTP/1.1" 204 0 "" "gitlab-runner 15.11.0 (15-11-stable; go1.19.6; linux/amd64)" -
172.18.0.3 - - [28/Apr/2023:10:26:25 +0000] "POST /api/v4/jobs/request HTTP/1.1" 204 0 "" "gitlab-runner 15.11.0 (15-11-stable; go1.19.6; linux/amd64)" -
172.18.0.1 - - [28/Apr/2023:10:26:27 +0000] "GET /gitlab-instance-5117b8af/final-exam-git HTTP/1.1" 200 29670 "http://localhost:8080/" "Mozilla/5.0 (X11; Ubuntu; Linux x86_64; rv:109.0) Gecko/20100101 Firefox/112.0" 4.73
172.18.0.2 - - [28/Apr/2023:10:26:27 +0000] "POST /api/v4/jobs/request HTTP/1.1" 204 0 "" "gitlab-runner 15.11.0 (15-11-stable; go1.19.6; linux/amd64)" -
172.18.0.3 - - [28/Apr/2023:10:26:27 +0000] "POST /api/v4/jobs/request HTTP/1.1" 204 0 "" "gitlab-runner 15.11.0 (15-11-stable; go1.19.6; linux/amd64)" -
172.18.0.1 - - [28/Apr/2023:10:26:27 +0000] "GET /gitlab-instance-5117b8af/final-exam-git/-/refs/main/logs_tree/?format=json&offset=0 HTTP/1.1" 304 0 "http://localhost:8080/gitlab-instance-5117b8af/final-exam-git" "Mozilla/5.0 (X11; Ubuntu; Linux x86_64; rv:109.0) Gecko/20100101 Firefox/112.0" -
172.18.0.1 - - [28/Apr/2023:10:26:27 +0000] "GET /gitlab-instance-5117b8af/final-exam-git/-/blob/main/README.md?format=json&viewer=rich HTTP/1.1" 304 0 "http://localhost:8080/gitlab-instance-5117b8af/final-exam-git" "Mozilla/5.0 (X11; Ubuntu; Linux x86_64; rv:109.0) Gecko/20100101 Firefox/112.0" -
172.18.0.1 - - [28/Apr/2023:10:26:27 +0000] "POST /api/graphql HTTP/1.1" 200 577 "http://localhost:8080/gitlab-instance-5117b8af/final-exam-git" "Mozilla/5.0 (X11; Ubuntu; Linux x86_64; rv:109.0) Gecko/20100101 Firefox/112.0" 2.40
172.18.0.1 - - [28/Apr/2023:10:26:27 +0000] "GET /api/v4/projects/2/repository/tags?search=&per_page=20 HTTP/1.1" 304 0 "http://localhost:8080/gitlab-instance-5117b8af/final-exam-git" "Mozilla/5.0 (X11; Ubuntu; Linux x86_64; rv:109.0) Gecko/20100101 Firefox/112.0" -
172.18.0.1 - - [28/Apr/2023:10:26:27 +0000] "GET /api/v4/projects/2/repository/branches?search=&per_page=20&sort=updated_desc HTTP/1.1" 304 0 "http://localhost:8080/gitlab-instance-5117b8af/final-exam-git" "Mozilla/5.0 (X11; Ubuntu; Linux x86_64; rv:109.0) Gecko/20100101 Firefox/112.0" -
172.18.0.1 - - [28/Apr/2023:10:26:27 +0000] "POST /api/graphql HTTP/1.1" 200 1082 "http://localhost:8080/gitlab-instance-5117b8af/final-exam-git" "Mozilla/5.0 (X11; Ubuntu; Linux x86_64; rv:109.0) Gecko/20100101 Firefox/112.0" 4.39
