172.18.0.1 - - [28/Apr/2023:10:26:27 +0000] "POST /api/graphql HTTP/1.1" 200 195 "http://localhost:8080/gitlab-instance-5117b8af/final-exam-git" "Mozilla/5.0 (X11; Ubuntu; Linux x86_64; rv:109.0) Gecko/20100101 Firefox/112.0" 1.53
127.0.0.1 - - [28/Apr/2023:10:26:28 +0000] "GET /help HTTP/1.1" 200 74139 "" "curl/8.0.1-DEV" -
172.18.0.2 - - [28/Apr/2023:10:26:28 +0000] "POST /api/v4/jobs/request HTTP/1.1" 204 0 "" "gitlab-runner 15.11.0 (15-11-stable; go1.19.6; linux/amd64)" -
172.18.0.3 - - [28/Apr/2023:10:26:28 +0000] "POST /api/v4/jobs/request HTTP/1.1" 204 0 "" "gitlab-runner 15.11.0 (15-11-stable; go1.19.6; linux/amd64)" -
172.18.0.1 - - [28/Apr/2023:10:26:29 +0000] "GET /gitlab-instance-5117b8af/final-exam-git/-/pipelines/1 HTTP/1.1" 200 25176 "http://localhost:8080/gitlab-instance-5117b8af/final-exam-git" "Mozilla/5.0 (X11; Ubuntu; Linux x86_64; rv:109.0) Gecko/20100101 Firefox/112.0" 4.69
172.18.0.1 - - [28/Apr/2023:10:26:29 +0000] "GET /assets/webpack/pages.projects.pipelines.show.6ec66a8f.chunk.js HTTP/1.1" 200 0 "http://localhost:8080/gitlab-instance-5117b8af/final-exam-git/-/pipelines/1" "Mozilla/5.0 (X11; Ubuntu; Linux x86_64; rv:109.0) Gecko/20100101 Firefox/112.0" -
172.18.0.1 - - [28/Apr/2023:10:26:30 +0000] "POST /api/graphql HTTP/1.1" 200 760 "http://localhost:8080/gitlab-instance-5117b8af/final-exam-git/-/pipelines/1" "Mozilla/5.0 (X11; Ubuntu; Linux x86_64; rv:109.0) Gecko/20100101 Firefox/112.0" 5.35
172.18.0.1 - - [28/Apr/2023:10:26:30 +0000] "GET /api/graphql?query=query%20getPipelineHeaderData(%24fullPath%3A%20ID!%2C%20%24iid%3A%20ID!)%20%7B%20project(fullPath%3A%20%24fullPath)%20%7B%20id%20pipeline(iid%3A%20%24iid)%20%7B%20id%20iid%20status%20retryable%20cancelable%20userPermissions%20%7B%20destroyPipeline%20updatePipeline%20__typename%20%7D%20detailedStatus%20%7B%20id%20detailsPath%20icon%20group%20text%20__typename%20%7D%20createdAt%20user%20%7B%20id%20name%20username%20webPath%20webUrl%20email%20avatarUrl%20status%20%7B%20message%20emoji%20__typename%20%7D%20__typename%20%7D%20__typename%20%7D%20__typename%20%7D%20%7D&operationName=getPipelineHeaderData&variables=%7B%22fullPath%22%3A%22gitlab-instance-5117b8af%2Ffinal-exam-git%22%2C%22iid%22%3A%221%22%7D HTTP/1.1" 304 0 "http://localhost:8080/gitlab-instance-5117b8af/final-exam-git/-/pipelines/1" "Mozilla/5.0 (X11; Ubuntu; Linux x86_64; rv:109.0) Gecko/20100101 Firefox/112.0" -
172.18.0.2 - - [28/Apr/2023:10:26:30 +0000] "POST /api/v4/jobs/request HTTP/1.1" 204 0 "" "gitlab-runner 15.11.0 (15-11-stable; go1.19.6; linux/amd64)" -
172.18.0.1 - - [28/Apr/2023:10:26:30 +0000] "POST /api/graphql HTTP/1.1" 200 194 "http://localhost:8080/gitlab-instance-5117b8af/final-exam-git/-/pipelines/1" "Mozilla/5.0 (X11; Ubuntu; Linux x86_64; rv:109.0) Gecko/20100101 Firefox/112.0" 1.52
172.18.0.3 - - [28/Apr/2023:10:26:30 +0000] "POST /api/v4/jobs/request HTTP/1.1" 204 0 "" "gitlab-runner 15.11.0 (15-11-stable; go1.19.6; linux/amd64)" -
172.18.0.1 - - [28/Apr/2023:10:26:30 +0000] "GET /api/graphql?query=fragment%20CiNeeds%20on%20JobNeedUnion%20%7B%20...CiBuildNeedFields%20...CiJobNeedFields%20__typename%20%7D%20fragment%20CiBuildNeedFields%20on%20CiBuildNeed%20%7B%20id%20name%20__typename%20%7D%20fragment%20CiJobNeedFields%20on%20CiJob%20%7B%20id%20name%20__typename%20%7D%20fragment%20LinkedPipelineData%20on%20Pipeline%20%7B%20__typename%20id%20iid%20path%20cancelable%20retryable%20userPermissions%20%7B%20updatePipeline%20__typename%20%7D%20status%3A%20detailedStatus%20%7B%20__typename%20id%20group%20label%20icon%20%7D%20sourceJob%20%7B%20__typename%20id%20name%20retried%20%7D%20project%20%7B%20__typename%20id%20name%20fullPath%20%7D%20%7D%20query%20getPipelineDetails(%24projectPath%3A%20ID!%2C%20%24iid%3A%20ID!)%20%7B%20project(fullPath%3A%20%24projectPath)%20%7B%20__typename%20id%20pipeline(iid%3A%20%24iid)%20%7B%20__typename%20id%20iid%20complete%20usesNeeds%20userPermissions%20%7B%20updatePipeline%20__typename%20%7D%20downstream%20%7B%20__typename%20nodes%20%7B%20...LinkedPipelineData%20__typename%20%7D%20%7D%20upstream%20%7B%20...LinkedPipelineData%20__typename%20%7D%20stages%20%7B%20__typename%20nodes%20%7B%20__typename%20id%20name%20status%3A%20detailedStatus%20%7B%20__typename%20id%20action%20%7B%20__typename%20id%20icon%20path%20title%20%7D%20%7D%20groups%20%7B%20__typename%20nodes%20%7B%20__typename%20id%20status%3A%20detailedStatus%20%7B%20__typename%20id%20label%20group%20icon%20%7D%20name%20size%20jobs%20%7B%20__typename%20nodes%20%7B%20__typename%20id%20name%20kind%20scheduledAt%20needs%20%7B%20__typename%20nodes%20%7B%20__typename%20id%20name%20%7D%20%7D%20previousStageJobsOrNeeds%20%7B%20__typename%20nodes%20%7B%20...CiNeeds%20__typename%20%7D%20%7D%20status%3A%20detailedStatus%20%7B%20__typename%20id%20icon%20tooltip%20hasDetails%20detailsPath%20group%20label%20action%20%7B%20__typename%20id%20buttonTitle%20icon%20path%20title%20%7D%20%7D%20%7D%20%7D%20%7D%20%7D%20%7D%20%7D%20%7D%20%7D%20%7D&operationName=getPipelineDetails&variables=%7B%22projectPath%22%3A%22gitlab-instance-5117b8af%2Ffinal-exam-git%22%2C%22iid%22%3A%221%22%7D HTTP/1.1" 200 773 "http://localhost:8080/gitlab-instance-5117b8af/final-exam-git/-/pipelines/1" "Mozilla/5.0 (X11; Ubuntu; Linux x86_64; rv:109.0) Gecko/20100101 Firefox/112.0" 5.36
172.18.0.2 - - [28/Apr/2023:10:26:31 +0000] "POST /api/v4/jobs/request HTTP/1.1" 204 0 "" "gitlab-runner 15.11.0 (15-11-stable; go1.19.6; linux/amd64)" -
172.18.0.3 - - [28/Apr/2023:10:26:31 +0000] "POST /api/v4/jobs/request HTTP/1.1" 204 0 "" "gitlab-runner 15.11.0 (15-11-stable; go1.19.6; linux/amd64)" -
172.18.0.1 - - [28/Apr/2023:10:26:32 +0000] "POST /api/graphql HTTP/1.1" 200 78 "http://localhost:8080/gitlab-instance-5117b8af/final-exam-git/-/pipelines/1" "Mozilla/5.0 (X11; Ubuntu; Linux x86_64; rv:109.0) Gecko/20100101 Firefox/112.0" -
172.18.0.1 - - [28/Apr/2023:10:26:32 +0000] "GET /api/graphql?query=query%20getPipelineHeaderData(%24fullPath%3A%20ID!%2C%20%24iid%3A%20ID!)%20%7B%20project(fullPath%3A%20%24fullPath)%20%7B%20id%20pipeline(iid%3A%20%24iid)%20%7B%20id%20iid%20status%20retryable%20cancelable%20userPermissions%20%7B%20destroyPipeline%20updatePipeline%20__typename%20%7D%20detailedStatus%20%7B%20id%20detailsPath%20icon%20group%20text%20__typename%20%7D%20createdAt%20user%20%7B%20id%20name%20username%20webPath%20webUrl%20email%20avatarUrl%20status%20%7B%20message%20emoji%20__typename%20%7D%20__typename%20%7D%20__typename%20%7D%20__typename%20%7D%20%7D&operationName=getPipelineHeaderData&variables=%7B%22fullPath%22%3A%22gitlab-instance-5117b8af%2Ffinal-exam-git%22%2C%22iid%22%3A%221%22%7D HTTP/1.1" 200 450 "http://localhost:8080/gitlab-instance-5117b8af/final-exam-git/-/pipelines/1" "Mozilla/5.0 (X11; Ubuntu; Linux x86_64; rv:109.0) Gecko/20100101 Firefox/112.0" 1.88
172.18.0.2 - - [28/Apr/2023:10:26:33 +0000] "POST /api/v4/jobs/request HTTP/1.1" 204 0 "" "gitlab-runner 15.11.0 (15-11-stable; go1.19.6; linux/amd64)" -
172.18.0.3 - - [28/Apr/2023:10:26:33 +0000] "POST /api/v4/jobs/request HTTP/1.1" 204 0 "" "gitlab-runner 15.11.0 (15-11-stable; go1.19.6; linux/amd64)" -
172.18.0.2 - - [28/Apr/2023:10:26:34 +0000] "POST /api/v4/jobs/request HTTP/1.1" 204 0 "" "gitlab-runner 15.11.0 (15-11-stable; go1.19.6; linux/amd64)" -
172.18.0.3 - - [28/Apr/2023:10:26:34 +0000] "POST /api/v4/jobs/request HTTP/1.1" 204 0 "" "gitlab-runner 15.11.0 (15-11-stable; go1.19.6; linux/amd64)" -
172.18.0.2 - - [28/Apr/2023:10:26:36 +0000] "POST /api/v4/jobs/request HTTP/1.1" 204 0 "" "gitlab-runner 15.11.0 (15-11-stable; go1.19.6; linux/amd64)" -
172.18.0.3 - - [28/Apr/2023:10:26:36 +0000] "POST /api/v4/jobs/request HTTP/1.1" 204 0 "" "gitlab-runner 15.11.0 (15-11-stable; go1.19.6; linux/amd64)" -
172.18.0.2 - - [28/Apr/2023:10:26:37 +0000] "POST /api/v4/jobs/request HTTP/1.1" 204 0 "" "gitlab-runner 15.11.0 (15-11-stable; go1.19.6; linux/amd64)" -
172.18.0.3 - - [28/Apr/2023:10:26:37 +0000] "POST /api/v4/jobs/request HTTP/1.1" 204 0 "" "gitlab-runner 15.11.0 (15-11-stable; go1.19.6; linux/amd64)" -
172.18.0.2 - - [28/Apr/2023:10:26:39 +0000] "POST /api/v4/jobs/request HTTP/1.1" 204 0 "" "gitlab-runner 15.11.0 (15-11-stable; go1.19.6; linux/amd64)" -
172.18.0.3 - - [28/Apr/2023:10:26:39 +0000] "POST /api/v4/jobs/request HTTP/1.1" 204 0 "" "gitlab-runner 15.11.0 (15-11-stable; go1.19.6; linux/amd64)" -
172.18.0.1 - - [28/Apr/2023:10:26:39 +0000] "GET /gitlab-instance-5117b8af/final-exam-git/-/pipelines HTTP/1.1" 200 25934 "http://localhost:8080/gitlab-instance-5117b8af/final-exam-git/-/pipelines/1" "Mozilla/5.0 (X11; Ubuntu; Linux x86_64; rv:109.0) Gecko/20100101 Firefox/112.0" 4.58
172.18.0.1 - - [28/Apr/2023:10:26:39 +0000] "GET /assets/webpack/commons-pages.groups.boards-pages.projects.boards-pages.projects.pipelines.index.cd82a485.chunk.js HTTP/1.1" 200 24337 "http://localhost:8080/gitlab-instance-5117b8af/final-exam-git/-/pipelines" "Mozilla/5.0 (X11; Ubuntu; Linux x86_64; rv:109.0) Gecko/20100101 Firefox/112.0" -
172.18.0.1 - - [28/Apr/2023:10:26:39 +0000] "GET /assets/webpack/123.3abdd5d8.chunk.js HTTP/1.1" 200 16693 "http://localhost:8080/gitlab-instance-5117b8af/final-exam-git/-/pipelines" "Mozilla/5.0 (X11; Ubuntu; Linux x86_64; rv:109.0) Gecko/20100101 Firefox/112.0" -
172.18.0.1 - - [28/Apr/2023:10:26:39 +0000] "GET /assets/webpack/commons-pages.projects.environments.folder-pages.projects.environments.show-pages.projects.pipelines-44eb317d.8a741dff.chunk.js HTTP/1.1" 200 17579 "http://localhost:8080/gitlab-instance-5117b8af/final-exam-git/-/pipelines" "Mozilla/5.0 (X11; Ubuntu; Linux x86_64; rv:109.0) Gecko/20100101 Firefox/112.0" -
172.18.0.1 - - [28/Apr/2023:10:26:39 +0000] "GET /assets/webpack/77.16f654bf.chunk.js HTTP/1.1" 200 4678 "http://localhost:8080/gitlab-instance-5117b8af/final-exam-git/-/pipelines" "Mozilla/5.0 (X11; Ubuntu; Linux x86_64; rv:109.0) Gecko/20100101 Firefox/112.0" -
172.18.0.1 - - [28/Apr/2023:10:26:39 +0000] "GET /assets/webpack/pages.projects.pipelines.index.ee866d28.chunk.js HTTP/1.1" 200 79021 "http://localhost:8080/gitlab-instance-5117b8af/final-exam-git/-/pipelines" "Mozilla/5.0 (X11; Ubuntu; Linux x86_64; rv:109.0) Gecko/20100101 Firefox/112.0" -
172.18.0.1 - - [28/Apr/2023:10:26:40 +0000] "GET /assets/page_bundles/pipelines-37608f0a51bd6b3ed0bc12bae003eee22cc86fc1d6ceb80fe01b6d4e5881284b.css HTTP/1.1" 200 1072 "http://localhost:8080/gitlab-instance-5117b8af/final-exam-git/-/pipelines" "Mozilla/5.0 (X11; Ubuntu; Linux x86_64; rv:109.0) Gecko/20100101 Firefox/112.0" -
172.18.0.1 - - [28/Apr/2023:10:26:40 +0000] "GET /gitlab-instance-5117b8af/final-exam-git/-/pipelines.json HTTP/1.1" 200 1149 "http://localhost:8080/gitlab-instance-5117b8af/final-exam-git/-/pipelines" "Mozilla/5.0 (X11; Ubuntu; Linux x86_64; rv:109.0) Gecko/20100101 Firefox/112.0" 4.20
172.18.0.1 - - [28/Apr/2023:10:26:40 +0000] "GET /gitlab-instance-5117b8af/final-exam-git/-/pipelines.json?scope=all&page=1 HTTP/1.1" 200 1149 "http://localhost:8080/gitlab-instance-5117b8af/final-exam-git/-/pipelines" "Mozilla/5.0 (X11; Ubuntu; Linux x86_64; rv:109.0) Gecko/20100101 Firefox/112.0" 4.20
172.18.0.2 - - [28/Apr/2023:10:26:40 +0000] "POST /api/v4/jobs/request HTTP/1.1" 204 0 "" "gitlab-runner 15.11.0 (15-11-stable; go1.19.6; linux/amd64)" -
172.18.0.3 - - [28/Apr/2023:10:26:40 +0000] "POST /api/v4/jobs/request HTTP/1.1" 204 0 "" "gitlab-runner 15.11.0 (15-11-stable; go1.19.6; linux/amd64)" -
172.18.0.2 - - [28/Apr/2023:10:26:42 +0000] "POST /api/v4/jobs/request HTTP/1.1" 204 0 "" "gitlab-runner 15.11.0 (15-11-stable; go1.19.6; linux/amd64)" -
172.18.0.3 - - [28/Apr/2023:10:26:42 +0000] "POST /api/v4/jobs/request HTTP/1.1" 204 0 "" "gitlab-runner 15.11.0 (15-11-stable; go1.19.6; linux/amd64)" -
172.18.0.2 - - [28/Apr/2023:10:26:43 +0000] "POST /api/v4/jobs/request HTTP/1.1" 204 0 "" "gitlab-runner 15.11.0 (15-11-stable; go1.19.6; linux/amd64)" -
172.18.0.3 - - [28/Apr/2023:10:26:43 +0000] "POST /api/v4/jobs/request HTTP/1.1" 204 0 "" "gitlab-runner 15.11.0 (15-11-stable; go1.19.6; linux/amd64)" -
172.18.0.2 - - [28/Apr/2023:10:26:45 +0000] "POST /api/v4/jobs/request HTTP/1.1" 204 0 "" "gitlab-runner 15.11.0 (15-11-stable; go1.19.6; linux/amd64)" -
172.18.0.3 - - [28/Apr/2023:10:26:45 +0000] "POST /api/v4/jobs/request HTTP/1.1" 204 0 "" "gitlab-runner 15.11.0 (15-11-stable; go1.19.6; linux/amd64)" -
172.18.0.2 - - [28/Apr/2023:10:26:46 +0000] "POST /api/v4/jobs/request HTTP/1.1" 204 0 "" "gitlab-runner 15.11.0 (15-11-stable; go1.19.6; linux/amd64)" -
172.18.0.3 - - [28/Apr/2023:10:26:46 +0000] "POST /api/v4/jobs/request HTTP/1.1" 204 0 "" "gitlab-runner 15.11.0 (15-11-stable; go1.19.6; linux/amd64)" -
172.18.0.2 - - [28/Apr/2023:10:26:48 +0000] "POST /api/v4/jobs/request HTTP/1.1" 204 0 "" "gitlab-runner 15.11.0 (15-11-stable; go1.19.6; linux/amd64)" -
172.18.0.3 - - [28/Apr/2023:10:26:48 +0000] "POST /api/v4/jobs/request HTTP/1.1" 204 0 "" "gitlab-runner 15.11.0 (15-11-stable; go1.19.6; linux/amd64)" -
172.18.0.2 - - [28/Apr/2023:10:26:49 +0000] "POST /api/v4/jobs/request HTTP/1.1" 204 0 "" "gitlab-runner 15.11.0 (15-11-stable; go1.19.6; linux/amd64)" -
172.18.0.3 - - [28/Apr/2023:10:26:49 +0000] "POST /api/v4/jobs/request HTTP/1.1" 204 0 "" "gitlab-runner 15.11.0 (15-11-stable; go1.19.6; linux/amd64)" -
172.18.0.1 - - [28/Apr/2023:10:26:50 +0000] "GET /gitlab-instance-5117b8af/final-exam-git/-/pipelines.json?scope=all&page=1 HTTP/1.1" 304 0 "http://localhost:8080/gitlab-instance-5117b8af/final-exam-git/-/pipelines" "Mozilla/5.0 (X11; Ubuntu; Linux x86_64; rv:109.0) Gecko/20100101 Firefox/112.0" -
172.18.0.2 - - [28/Apr/2023:10:26:51 +0000] "POST /api/v4/jobs/request HTTP/1.1" 204 0 "" "gitlab-runner 15.11.0 (15-11-stable; go1.19.6; linux/amd64)" -
172.18.0.3 - - [28/Apr/2023:10:26:51 +0000] "POST /api/v4/jobs/request HTTP/1.1" 204 0 "" "gitlab-runner 15.11.0 (15-11-stable; go1.19.6; linux/amd64)" -
172.18.0.2 - - [28/Apr/2023:10:26:52 +0000] "POST /api/v4/jobs/request HTTP/1.1" 204 0 "" "gitlab-runner 15.11.0 (15-11-stable; go1.19.6; linux/amd64)" -
172.18.0.3 - - [28/Apr/2023:10:26:52 +0000] "POST /api/v4/jobs/request HTTP/1.1" 204 0 "" "gitlab-runner 15.11.0 (15-11-stable; go1.19.6; linux/amd64)" -
172.18.0.2 - - [28/Apr/2023:10:26:54 +0000] "POST /api/v4/jobs/request HTTP/1.1" 204 0 "" "gitlab-runner 15.11.0 (15-11-stable; go1.19.6; linux/amd64)" -
172.18.0.3 - - [28/Apr/2023:10:26:54 +0000] "POST /api/v4/jobs/request HTTP/1.1" 204 0 "" "gitlab-runner 15.11.0 (15-11-stable; go1.19.6; linux/amd64)" -
172.18.0.2 - - [28/Apr/2023:10:26:55 +0000] "POST /api/v4/jobs/request HTTP/1.1" 204 0 "" "gitlab-runner 15.11.0 (15-11-stable; go1.19.6; linux/amd64)" -
172.18.0.3 - - [28/Apr/2023:10:26:55 +0000] "POST /api/v4/jobs/request HTTP/1.1" 204 0 "" "gitlab-runner 15.11.0 (15-11-stable; go1.19.6; linux/amd64)" -
172.18.0.2 - - [28/Apr/2023:10:26:57 +0000] "POST /api/v4/jobs/request HTTP/1.1" 204 0 "" "gitlab-runner 15.11.0 (15-11-stable; go1.19.6; linux/amd64)" -
172.18.0.3 - - [28/Apr/2023:10:26:57 +0000] "POST /api/v4/jobs/request HTTP/1.1" 204 0 "" "gitlab-runner 15.11.0 (15-11-stable; go1.19.6; linux/amd64)" -
172.18.0.2 - - [28/Apr/2023:10:26:58 +0000] "POST /api/v4/jobs/request HTTP/1.1" 204 0 "" "gitlab-runner 15.11.0 (15-11-stable; go1.19.6; linux/amd64)" -
172.18.0.3 - - [28/Apr/2023:10:26:58 +0000] "POST /api/v4/jobs/request HTTP/1.1" 204 0 "" "gitlab-runner 15.11.0 (15-11-stable; go1.19.6; linux/amd64)" -
172.18.0.2 - - [28/Apr/2023:10:27:00 +0000] "POST /api/v4/jobs/request HTTP/1.1" 204 0 "" "gitlab-runner 15.11.0 (15-11-stable; go1.19.6; linux/amd64)" -
172.18.0.3 - - [28/Apr/2023:10:27:00 +0000] "POST /api/v4/jobs/request HTTP/1.1" 204 0 "" "gitlab-runner 15.11.0 (15-11-stable; go1.19.6; linux/amd64)" -
172.18.0.1 - - [28/Apr/2023:10:27:00 +0000] "GET /gitlab-instance-5117b8af/final-exam-git/-/pipelines.json?scope=all&page=1 HTTP/1.1" 304 0 "http://localhost:8080/gitlab-instance-5117b8af/final-exam-git/-/pipelines" "Mozilla/5.0 (X11; Ubuntu; Linux x86_64; rv:109.0) Gecko/20100101 Firefox/112.0" -
172.18.0.2 - - [28/Apr/2023:10:27:01 +0000] "POST /api/v4/jobs/request HTTP/1.1" 204 0 "" "gitlab-runner 15.11.0 (15-11-stable; go1.19.6; linux/amd64)" -
172.18.0.3 - - [28/Apr/2023:10:27:01 +0000] "POST /api/v4/jobs/request HTTP/1.1" 204 0 "" "gitlab-runner 15.11.0 (15-11-stable; go1.19.6; linux/amd64)" -
172.18.0.2 - - [28/Apr/2023:10:27:03 +0000] "POST /api/v4/jobs/request HTTP/1.1" 204 0 "" "gitlab-runner 15.11.0 (15-11-stable; go1.19.6; linux/amd64)" -
172.18.0.3 - - [28/Apr/2023:10:27:03 +0000] "POST /api/v4/jobs/request HTTP/1.1" 204 0 "" "gitlab-runner 15.11.0 (15-11-stable; go1.19.6; linux/amd64)" -
172.18.0.2 - - [28/Apr/2023:10:27:04 +0000] "POST /api/v4/jobs/request HTTP/1.1" 204 0 "" "gitlab-runner 15.11.0 (15-11-stable; go1.19.6; linux/amd64)" -
172.18.0.3 - - [28/Apr/2023:10:27:04 +0000] "POST /api/v4/jobs/request HTTP/1.1" 204 0 "" "gitlab-runner 15.11.0 (15-11-stable; go1.19.6; linux/amd64)" -
172.18.0.2 - - [28/Apr/2023:10:27:06 +0000] "POST /api/v4/jobs/request HTTP/1.1" 204 0 "" "gitlab-runner 15.11.0 (15-11-stable; go1.19.6; linux/amd64)" -
172.18.0.3 - - [28/Apr/2023:10:27:06 +0000] "POST /api/v4/jobs/request HTTP/1.1" 204 0 "" "gitlab-runner 15.11.0 (15-11-stable; go1.19.6; linux/amd64)" -
172.18.0.2 - - [28/Apr/2023:10:27:07 +0000] "POST /api/v4/jobs/request HTTP/1.1" 204 0 "" "gitlab-runner 15.11.0 (15-11-stable; go1.19.6; linux/amd64)" -
172.18.0.3 - - [28/Apr/2023:10:27:07 +0000] "POST /api/v4/jobs/request HTTP/1.1" 204 0 "" "gitlab-runner 15.11.0 (15-11-stable; go1.19.6; linux/amd64)" -
172.18.0.2 - - [28/Apr/2023:10:27:09 +0000] "POST /api/v4/jobs/request HTTP/1.1" 204 0 "" "gitlab-runner 15.11.0 (15-11-stable; go1.19.6; linux/amd64)" -
172.18.0.3 - - [28/Apr/2023:10:27:09 +0000] "POST /api/v4/jobs/request HTTP/1.1" 204 0 "" "gitlab-runner 15.11.0 (15-11-stable; go1.19.6; linux/amd64)" -
172.18.0.1 - - [28/Apr/2023:10:27:10 +0000] "GET /gitlab-instance-5117b8af/final-exam-git/-/pipelines.json?scope=all&page=1 HTTP/1.1" 304 0 "http://localhost:8080/gitlab-instance-5117b8af/final-exam-git/-/pipelines" "Mozilla/5.0 (X11; Ubuntu; Linux x86_64; rv:109.0) Gecko/20100101 Firefox/112.0" -
172.18.0.2 - - [28/Apr/2023:10:27:10 +0000] "POST /api/v4/jobs/request HTTP/1.1" 204 0 "" "gitlab-runner 15.11.0 (15-11-stable; go1.19.6; linux/amd64)" -
172.18.0.3 - - [28/Apr/2023:10:27:10 +0000] "POST /api/v4/jobs/request HTTP/1.1" 204 0 "" "gitlab-runner 15.11.0 (15-11-stable; go1.19.6; linux/amd64)" -
172.18.0.2 - - [28/Apr/2023:10:27:12 +0000] "POST /api/v4/jobs/request HTTP/1.1" 204 0 "" "gitlab-runner 15.11.0 (15-11-stable; go1.19.6; linux/amd64)" -
172.18.0.3 - - [28/Apr/2023:10:27:12 +0000] "POST /api/v4/jobs/request HTTP/1.1" 204 0 "" "gitlab-runner 15.11.0 (15-11-stable; go1.19.6; linux/amd64)" -
172.18.0.2 - - [28/Apr/2023:10:27:13 +0000] "POST /api/v4/jobs/request HTTP/1.1" 204 0 "" "gitlab-runner 15.11.0 (15-11-stable; go1.19.6; linux/amd64)" -
172.18.0.3 - - [28/Apr/2023:10:27:13 +0000] "POST /api/v4/jobs/request HTTP/1.1" 204 0 "" "gitlab-runner 15.11.0 (15-11-stable; go1.19.6; linux/amd64)" -
172.18.0.2 - - [28/Apr/2023:10:27:15 +0000] "POST /api/v4/jobs/request HTTP/1.1" 204 0 "" "gitlab-runner 15.11.0 (15-11-stable; go1.19.6; linux/amd64)" -
172.18.0.3 - - [28/Apr/2023:10:27:15 +0000] "POST /api/v4/jobs/request HTTP/1.1" 204 0 "" "gitlab-runner 15.11.0 (15-11-stable; go1.19.6; linux/amd64)" -
172.18.0.2 - - [28/Apr/2023:10:27:16 +0000] "POST /api/v4/jobs/request HTTP/1.1" 204 0 "" "gitlab-runner 15.11.0 (15-11-stable; go1.19.6; linux/amd64)" -
172.18.0.3 - - [28/Apr/2023:10:27:16 +0000] "POST /api/v4/jobs/request HTTP/1.1" 204 0 "" "gitlab-runner 15.11.0 (15-11-stable; go1.19.6; linux/amd64)" -
172.18.0.2 - - [28/Apr/2023:10:27:18 +0000] "POST /api/v4/jobs/request HTTP/1.1" 204 0 "" "gitlab-runner 15.11.0 (15-11-stable; go1.19.6; linux/amd64)" -
172.18.0.3 - - [28/Apr/2023:10:27:18 +0000] "POST /api/v4/jobs/request HTTP/1.1" 204 0 "" "gitlab-runner 15.11.0 (15-11-stable; go1.19.6; linux/amd64)" -
172.18.0.2 - - [28/Apr/2023:10:27:19 +0000] "POST /api/v4/jobs/request HTTP/1.1" 204 0 "" "gitlab-runner 15.11.0 (15-11-stable; go1.19.6; linux/amd64)" -
172.18.0.3 - - [28/Apr/2023:10:27:19 +0000] "POST /api/v4/jobs/request HTTP/1.1" 204 0 "" "gitlab-runner 15.11.0 (15-11-stable; go1.19.6; linux/amd64)" -
172.18.0.1 - - [28/Apr/2023:10:27:20 +0000] "GET /gitlab-instance-5117b8af/final-exam-git/-/pipelines.json?scope=all&page=1 HTTP/1.1" 304 0 "http://localhost:8080/gitlab-instance-5117b8af/final-exam-git/-/pipelines" "Mozilla/5.0 (X11; Ubuntu; Linux x86_64; rv:109.0) Gecko/20100101 Firefox/112.0" -
172.18.0.2 - - [28/Apr/2023:10:27:21 +0000] "POST /api/v4/jobs/request HTTP/1.1" 204 0 "" "gitlab-runner 15.11.0 (15-11-stable; go1.19.6; linux/amd64)" -
172.18.0.3 - - [28/Apr/2023:10:27:21 +0000] "POST /api/v4/jobs/request HTTP/1.1" 204 0 "" "gitlab-runner 15.11.0 (15-11-stable; go1.19.6; linux/amd64)" -
172.18.0.2 - - [28/Apr/2023:10:27:22 +0000] "POST /api/v4/jobs/request HTTP/1.1" 204 0 "" "gitlab-runner 15.11.0 (15-11-stable; go1.19.6; linux/amd64)" -
172.18.0.3 - - [28/Apr/2023:10:27:22 +0000] "POST /api/v4/jobs/request HTTP/1.1" 204 0 "" "gitlab-runner 15.11.0 (15-11-stable; go1.19.6; linux/amd64)" -
172.18.0.2 - - [28/Apr/2023:10:27:24 +0000] "POST /api/v4/jobs/request HTTP/1.1" 204 0 "" "gitlab-runner 15.11.0 (15-11-stable; go1.19.6; linux/amd64)" -
172.18.0.3 - - [28/Apr/2023:10:27:24 +0000] "POST /api/v4/jobs/request HTTP/1.1" 204 0 "" "gitlab-runner 15.11.0 (15-11-stable; go1.19.6; linux/amd64)" -
172.18.0.2 - - [28/Apr/2023:10:27:25 +0000] "POST /api/v4/jobs/request HTTP/1.1" 204 0 "" "gitlab-runner 15.11.0 (15-11-stable; go1.19.6; linux/amd64)" -
172.18.0.3 - - [28/Apr/2023:10:27:25 +0000] "POST /api/v4/jobs/request HTTP/1.1" 204 0 "" "gitlab-runner 15.11.0 (15-11-stable; go1.19.6; linux/amd64)" -
172.18.0.2 - - [28/Apr/2023:10:27:27 +0000] "POST /api/v4/jobs/request HTTP/1.1" 204 0 "" "gitlab-runner 15.11.0 (15-11-stable; go1.19.6; linux/amd64)" -
172.18.0.3 - - [28/Apr/2023:10:27:27 +0000] "POST /api/v4/jobs/request HTTP/1.1" 204 0 "" "gitlab-runner 15.11.0 (15-11-stable; go1.19.6; linux/amd64)" -
127.0.0.1 - - [28/Apr/2023:10:27:28 +0000] "GET /help HTTP/1.1" 200 74139 "" "curl/8.0.1-DEV" -
172.18.0.2 - - [28/Apr/2023:10:27:28 +0000] "POST /api/v4/jobs/request HTTP/1.1" 204 0 "" "gitlab-runner 15.11.0 (15-11-stable; go1.19.6; linux/amd64)" -
172.18.0.3 - - [28/Apr/2023:10:27:28 +0000] "POST /api/v4/jobs/request HTTP/1.1" 204 0 "" "gitlab-runner 15.11.0 (15-11-stable; go1.19.6; linux/amd64)" -
172.18.0.2 - - [28/Apr/2023:10:27:30 +0000] "POST /api/v4/jobs/request HTTP/1.1" 204 0 "" "gitlab-runner 15.11.0 (15-11-stable; go1.19.6; linux/amd64)" -
172.18.0.3 - - [28/Apr/2023:10:27:30 +0000] "POST /api/v4/jobs/request HTTP/1.1" 204 0 "" "gitlab-runner 15.11.0 (15-11-stable; go1.19.6; linux/amd64)" -
172.18.0.1 - - [28/Apr/2023:10:27:30 +0000] "GET /gitlab-instance-5117b8af/final-exam-git/-/pipelines.json?scope=all&page=1 HTTP/1.1" 304 0 "http://localhost:8080/gitlab-instance-5117b8af/final-exam-git/-/pipelines" "Mozilla/5.0 (X11; Ubuntu; Linux x86_64; rv:109.0) Gecko/20100101 Firefox/112.0" -
172.18.0.2 - - [28/Apr/2023:10:27:31 +0000] "POST /api/v4/jobs/request HTTP/1.1" 204 0 "" "gitlab-runner 15.11.0 (15-11-stable; go1.19.6; linux/amd64)" -
172.18.0.3 - - [28/Apr/2023:10:27:31 +0000] "POST /api/v4/jobs/request HTTP/1.1" 204 0 "" "gitlab-runner 15.11.0 (15-11-stable; go1.19.6; linux/amd64)" -
172.18.0.2 - - [28/Apr/2023:10:27:33 +0000] "POST /api/v4/jobs/request HTTP/1.1" 204 0 "" "gitlab-runner 15.11.0 (15-11-stable; go1.19.6; linux/amd64)" -
172.18.0.3 - - [28/Apr/2023:10:27:33 +0000] "POST /api/v4/jobs/request HTTP/1.1" 204 0 "" "gitlab-runner 15.11.0 (15-11-stable; go1.19.6; linux/amd64)" -
172.18.0.2 - - [28/Apr/2023:10:27:34 +0000] "POST /api/v4/jobs/request HTTP/1.1" 204 0 "" "gitlab-runner 15.11.0 (15-11-stable; go1.19.6; linux/amd64)" -
172.18.0.3 - - [28/Apr/2023:10:27:34 +0000] "POST /api/v4/jobs/request HTTP/1.1" 204 0 "" "gitlab-runner 15.11.0 (15-11-stable; go1.19.6; linux/amd64)" -
172.18.0.2 - - [28/Apr/2023:10:27:36 +0000] "POST /api/v4/jobs/request HTTP/1.1" 204 0 "" "gitlab-runner 15.11.0 (15-11-stable; go1.19.6; linux/amd64)" -
172.18.0.3 - - [28/Apr/2023:10:27:36 +0000] "POST /api/v4/jobs/request HTTP/1.1" 204 0 "" "gitlab-runner 15.11.0 (15-11-stable; go1.19.6; linux/amd64)" -
172.18.0.2 - - [28/Apr/2023:10:27:37 +0000] "POST /api/v4/jobs/request HTTP/1.1" 204 0 "" "gitlab-runner 15.11.0 (15-11-stable; go1.19.6; linux/amd64)" -
172.18.0.3 - - [28/Apr/2023:10:27:37 +0000] "POST /api/v4/jobs/request HTTP/1.1" 204 0 "" "gitlab-runner 15.11.0 (15-11-stable; go1.19.6; linux/amd64)" -
172.18.0.2 - - [28/Apr/2023:10:27:39 +0000] "POST /api/v4/jobs/request HTTP/1.1" 204 0 "" "gitlab-runner 15.11.0 (15-11-stable; go1.19.6; linux/amd64)" -
172.18.0.3 - - [28/Apr/2023:10:27:39 +0000] "POST /api/v4/jobs/request HTTP/1.1" 204 0 "" "gitlab-runner 15.11.0 (15-11-stable; go1.19.6; linux/amd64)" -
172.18.0.1 - - [28/Apr/2023:10:27:40 +0000] "GET /gitlab-instance-5117b8af/final-exam-git/-/pipelines.json?scope=all&page=1 HTTP/1.1" 304 0 "http://localhost:8080/gitlab-instance-5117b8af/final-exam-git/-/pipelines" "Mozilla/5.0 (X11; Ubuntu; Linux x86_64; rv:109.0) Gecko/20100101 Firefox/112.0" -
172.18.0.2 - - [28/Apr/2023:10:27:40 +0000] "POST /api/v4/jobs/request HTTP/1.1" 204 0 "" "gitlab-runner 15.11.0 (15-11-stable; go1.19.6; linux/amd64)" -
172.18.0.3 - - [28/Apr/2023:10:27:40 +0000] "POST /api/v4/jobs/request HTTP/1.1" 204 0 "" "gitlab-runner 15.11.0 (15-11-stable; go1.19.6; linux/amd64)" -
172.18.0.2 - - [28/Apr/2023:10:27:42 +0000] "POST /api/v4/jobs/request HTTP/1.1" 204 0 "" "gitlab-runner 15.11.0 (15-11-stable; go1.19.6; linux/amd64)" -
172.18.0.3 - - [28/Apr/2023:10:27:42 +0000] "POST /api/v4/jobs/request HTTP/1.1" 204 0 "" "gitlab-runner 15.11.0 (15-11-stable; go1.19.6; linux/amd64)" -
172.18.0.2 - - [28/Apr/2023:10:27:43 +0000] "POST /api/v4/jobs/request HTTP/1.1" 204 0 "" "gitlab-runner 15.11.0 (15-11-stable; go1.19.6; linux/amd64)" -
172.18.0.3 - - [28/Apr/2023:10:27:43 +0000] "POST /api/v4/jobs/request HTTP/1.1" 204 0 "" "gitlab-runner 15.11.0 (15-11-stable; go1.19.6; linux/amd64)" -
172.18.0.2 - - [28/Apr/2023:10:27:45 +0000] "POST /api/v4/jobs/request HTTP/1.1" 204 0 "" "gitlab-runner 15.11.0 (15-11-stable; go1.19.6; linux/amd64)" -
172.18.0.3 - - [28/Apr/2023:10:27:45 +0000] "POST /api/v4/jobs/request HTTP/1.1" 204 0 "" "gitlab-runner 15.11.0 (15-11-stable; go1.19.6; linux/amd64)" -
172.18.0.2 - - [28/Apr/2023:10:27:46 +0000] "POST /api/v4/jobs/request HTTP/1.1" 204 0 "" "gitlab-runner 15.11.0 (15-11-stable; go1.19.6; linux/amd64)" -
172.18.0.3 - - [28/Apr/2023:10:27:46 +0000] "POST /api/v4/jobs/request HTTP/1.1" 204 0 "" "gitlab-runner 15.11.0 (15-11-stable; go1.19.6; linux/amd64)" -
172.18.0.2 - - [28/Apr/2023:10:27:48 +0000] "POST /api/v4/jobs/request HTTP/1.1" 204 0 "" "gitlab-runner 15.11.0 (15-11-stable; go1.19.6; linux/amd64)" -
172.18.0.3 - - [28/Apr/2023:10:27:48 +0000] "POST /api/v4/jobs/request HTTP/1.1" 204 0 "" "gitlab-runner 15.11.0 (15-11-stable; go1.19.6; linux/amd64)" -
172.18.0.2 - - [28/Apr/2023:10:27:49 +0000] "POST /api/v4/jobs/request HTTP/1.1" 204 0 "" "gitlab-runner 15.11.0 (15-11-stable; go1.19.6; linux/amd64)" -
172.18.0.3 - - [28/Apr/2023:10:27:49 +0000] "POST /api/v4/jobs/request HTTP/1.1" 204 0 "" "gitlab-runner 15.11.0 (15-11-stable; go1.19.6; linux/amd64)" -
172.18.0.1 - - [28/Apr/2023:10:27:50 +0000] "GET /gitlab-instance-5117b8af/final-exam-git/-/pipelines.json?scope=all&page=1 HTTP/1.1" 304 0 "http://localhost:8080/gitlab-instance-5117b8af/final-exam-git/-/pipelines" "Mozilla/5.0 (X11; Ubuntu; Linux x86_64; rv:109.0) Gecko/20100101 Firefox/112.0" -
172.18.0.2 - - [28/Apr/2023:10:27:51 +0000] "POST /api/v4/jobs/request HTTP/1.1" 204 0 "" "gitlab-runner 15.11.0 (15-11-stable; go1.19.6; linux/amd64)" -
172.18.0.3 - - [28/Apr/2023:10:27:51 +0000] "POST /api/v4/jobs/request HTTP/1.1" 204 0 "" "gitlab-runner 15.11.0 (15-11-stable; go1.19.6; linux/amd64)" -
172.18.0.2 - - [28/Apr/2023:10:27:52 +0000] "POST /api/v4/jobs/request HTTP/1.1" 204 0 "" "gitlab-runner 15.11.0 (15-11-stable; go1.19.6; linux/amd64)" -
172.18.0.3 - - [28/Apr/2023:10:27:52 +0000] "POST /api/v4/jobs/request HTTP/1.1" 204 0 "" "gitlab-runner 15.11.0 (15-11-stable; go1.19.6; linux/amd64)" -
172.18.0.2 - - [28/Apr/2023:10:27:54 +0000] "POST /api/v4/jobs/request HTTP/1.1" 204 0 "" "gitlab-runner 15.11.0 (15-11-stable; go1.19.6; linux/amd64)" -
172.18.0.3 - - [28/Apr/2023:10:27:54 +0000] "POST /api/v4/jobs/request HTTP/1.1" 204 0 "" "gitlab-runner 15.11.0 (15-11-stable; go1.19.6; linux/amd64)" -
172.18.0.2 - - [28/Apr/2023:10:27:55 +0000] "POST /api/v4/jobs/request HTTP/1.1" 204 0 "" "gitlab-runner 15.11.0 (15-11-stable; go1.19.6; linux/amd64)" -
172.18.0.3 - - [28/Apr/2023:10:27:55 +0000] "POST /api/v4/jobs/request HTTP/1.1" 204 0 "" "gitlab-runner 15.11.0 (15-11-stable; go1.19.6; linux/amd64)" -
172.18.0.2 - - [28/Apr/2023:10:27:57 +0000] "POST /api/v4/jobs/request HTTP/1.1" 204 0 "" "gitlab-runner 15.11.0 (15-11-stable; go1.19.6; linux/amd64)" -
172.18.0.3 - - [28/Apr/2023:10:27:57 +0000] "POST /api/v4/jobs/request HTTP/1.1" 204 0 "" "gitlab-runner 15.11.0 (15-11-stable; go1.19.6; linux/amd64)" -
172.18.0.2 - - [28/Apr/2023:10:27:58 +0000] "POST /api/v4/jobs/request HTTP/1.1" 204 0 "" "gitlab-runner 15.11.0 (15-11-stable; go1.19.6; linux/amd64)" -
172.18.0.3 - - [28/Apr/2023:10:27:58 +0000] "POST /api/v4/jobs/request HTTP/1.1" 204 0 "" "gitlab-runner 15.11.0 (15-11-stable; go1.19.6; linux/amd64)" -
172.18.0.2 - - [28/Apr/2023:10:28:00 +0000] "POST /api/v4/jobs/request HTTP/1.1" 204 0 "" "gitlab-runner 15.11.0 (15-11-stable; go1.19.6; linux/amd64)" -
172.18.0.3 - - [28/Apr/2023:10:28:00 +0000] "POST /api/v4/jobs/request HTTP/1.1" 204 0 "" "gitlab-runner 15.11.0 (15-11-stable; go1.19.6; linux/amd64)" -
172.18.0.1 - - [28/Apr/2023:10:28:00 +0000] "GET /gitlab-instance-5117b8af/final-exam-git/-/pipelines.json?scope=all&page=1 HTTP/1.1" 304 0 "http://localhost:8080/gitlab-instance-5117b8af/final-exam-git/-/pipelines" "Mozilla/5.0 (X11; Ubuntu; Linux x86_64; rv:109.0) Gecko/20100101 Firefox/112.0" -
172.18.0.2 - - [28/Apr/2023:10:28:01 +0000] "POST /api/v4/jobs/request HTTP/1.1" 204 0 "" "gitlab-runner 15.11.0 (15-11-stable; go1.19.6; linux/amd64)" -
172.18.0.3 - - [28/Apr/2023:10:28:01 +0000] "POST /api/v4/jobs/request HTTP/1.1" 204 0 "" "gitlab-runner 15.11.0 (15-11-stable; go1.19.6; linux/amd64)" -
172.18.0.2 - - [28/Apr/2023:10:28:03 +0000] "POST /api/v4/jobs/request HTTP/1.1" 204 0 "" "gitlab-runner 15.11.0 (15-11-stable; go1.19.6; linux/amd64)" -
172.18.0.3 - - [28/Apr/2023:10:28:03 +0000] "POST /api/v4/jobs/request HTTP/1.1" 204 0 "" "gitlab-runner 15.11.0 (15-11-stable; go1.19.6; linux/amd64)" -
172.18.0.2 - - [28/Apr/2023:10:28:04 +0000] "POST /api/v4/jobs/request HTTP/1.1" 204 0 "" "gitlab-runner 15.11.0 (15-11-stable; go1.19.6; linux/amd64)" -
172.18.0.3 - - [28/Apr/2023:10:28:04 +0000] "POST /api/v4/jobs/request HTTP/1.1" 204 0 "" "gitlab-runner 15.11.0 (15-11-stable; go1.19.6; linux/amd64)" -
172.18.0.2 - - [28/Apr/2023:10:28:06 +0000] "POST /api/v4/jobs/request HTTP/1.1" 204 0 "" "gitlab-runner 15.11.0 (15-11-stable; go1.19.6; linux/amd64)" -
172.18.0.3 - - [28/Apr/2023:10:28:06 +0000] "POST /api/v4/jobs/request HTTP/1.1" 204 0 "" "gitlab-runner 15.11.0 (15-11-stable; go1.19.6; linux/amd64)" -
172.18.0.1 - - [28/Apr/2023:10:28:06 +0000] "GET /-/profile/preferences HTTP/1.1" 200 24287 "http://localhost:8080/gitlab-instance-5117b8af/final-exam-git/-/pipelines" "Mozilla/5.0 (X11; Ubuntu; Linux x86_64; rv:109.0) Gecko/20100101 Firefox/112.0" 4.58
172.18.0.1 - - [28/Apr/2023:10:28:06 +0000] "GET /assets/webpack/commons-pages.admin.topics.edit-pages.admin.topics.new-pages.groups.merge_requests-pages.groups.mile-b0e3f199.105f25d0.chunk.js HTTP/1.1" 200 6309 "http://localhost:8080/-/profile/preferences" "Mozilla/5.0 (X11; Ubuntu; Linux x86_64; rv:109.0) Gecko/20100101 Firefox/112.0" -
172.18.0.1 - - [28/Apr/2023:10:28:06 +0000] "GET /assets/webpack/commons-pages.admin.topics.edit-pages.admin.topics.new-pages.groups.milestones.edit-pages.groups.mil-99f04e2c.20677c1d.chunk.js HTTP/1.1" 200 7966 "http://localhost:8080/-/profile/preferences" "Mozilla/5.0 (X11; Ubuntu; Linux x86_64; rv:109.0) Gecko/20100101 Firefox/112.0" -
172.18.0.1 - - [28/Apr/2023:10:28:06 +0000] "GET /assets/themes/theme_light_indigo-548064b97c2e5798b2d396928f4b2ff8127a579cd055cdf3fd02901718cf5f50.css HTTP/1.1" 200 1054 "http://localhost:8080/-/profile/preferences" "Mozilla/5.0 (X11; Ubuntu; Linux x86_64; rv:109.0) Gecko/20100101 Firefox/112.0" -
172.18.0.1 - - [28/Apr/2023:10:28:06 +0000] "GET /assets/webpack/pages.profiles.preferences.show.3172088f.chunk.js HTTP/1.1" 200 14190 "http://localhost:8080/-/profile/preferences" "Mozilla/5.0 (X11; Ubuntu; Linux x86_64; rv:109.0) Gecko/20100101 Firefox/112.0" -
172.18.0.1 - - [28/Apr/2023:10:28:06 +0000] "GET /assets/webpack/commons-pages.profiles-pages.profiles.accounts.show-pages.profiles.comment_templates-pages.profiles.-0c007da2.cb28fcba.chunk.js HTTP/1.1" 200 14920 "http://localhost:8080/-/profile/preferences" "Mozilla/5.0 (X11; Ubuntu; Linux x86_64; rv:109.0) Gecko/20100101 Firefox/112.0" -
172.18.0.1 - - [28/Apr/2023:10:28:06 +0000] "GET /assets/webpack/commons-pages.profiles-pages.profiles.accounts.show-pages.profiles.comment_templates-pages.profiles.-4f29fce7.00af19b2.chunk.js HTTP/1.1" 200 49732 "http://localhost:8080/-/profile/preferences" "Mozilla/5.0 (X11; Ubuntu; Linux x86_64; rv:109.0) Gecko/20100101 Firefox/112.0" -
172.18.0.1 - - [28/Apr/2023:10:28:06 +0000] "GET /assets/themes/theme_green-8612bb086c08ae53df0ec351bd6e0ae9ba7607adafc61ba662437460ec7f5090.css HTTP/1.1" 200 1046 "http://localhost:8080/-/profile/preferences" "Mozilla/5.0 (X11; Ubuntu; Linux x86_64; rv:109.0) Gecko/20100101 Firefox/112.0" -
172.18.0.1 - - [28/Apr/2023:10:28:06 +0000] "GET /assets/themes/theme_light_blue-755fe218bb67de5289be2a0ee70ceb7ce8717e1aba13c57fb4b57246ac4fe152.css HTTP/1.1" 200 1051 "http://localhost:8080/-/profile/preferences" "Mozilla/5.0 (X11; Ubuntu; Linux x86_64; rv:109.0) Gecko/20100101 Firefox/112.0" -
172.18.0.1 - - [28/Apr/2023:10:28:06 +0000] "GET /assets/themes/theme_indigo-961c4181bc38910a3b36a521730071c2a9972c2bcefa964f1dda7442782ebb2a.css HTTP/1.1" 200 1047 "http://localhost:8080/-/profile/preferences" "Mozilla/5.0 (X11; Ubuntu; Linux x86_64; rv:109.0) Gecko/20100101 Firefox/112.0" -
172.18.0.1 - - [28/Apr/2023:10:28:06 +0000] "GET /assets/themes/theme_red-4eb86b866c6c87319e0966f80618127c0f9fad038be02f536f2ff1ba3abc20bc.css HTTP/1.1" 200 1041 "http://localhost:8080/-/profile/preferences" "Mozilla/5.0 (X11; Ubuntu; Linux x86_64; rv:109.0) Gecko/20100101 Firefox/112.0" -
172.18.0.1 - - [28/Apr/2023:10:28:06 +0000] "GET /assets/themes/theme_blue-a6c0af5945d3067f08efe88ec3cff411ed79ce0cb455e5aa3886eca0a326c082.css HTTP/1.1" 200 1044 "http://localhost:8080/-/profile/preferences" "Mozilla/5.0 (X11; Ubuntu; Linux x86_64; rv:109.0) Gecko/20100101 Firefox/112.0" -
172.18.0.1 - - [28/Apr/2023:10:28:06 +0000] "GET /assets/themes/theme_light_red-0b48f4644deabadbaf41c636c363aa0364a47f5434a2d892fdca71b8f01b6f16.css HTTP/1.1" 200 1048 "http://localhost:8080/-/profile/preferences" "Mozilla/5.0 (X11; Ubuntu; Linux x86_64; rv:109.0) Gecko/20100101 Firefox/112.0" -
172.18.0.1 - - [28/Apr/2023:10:28:06 +0000] "GET /assets/themes/theme_light_green-ed5ee4c90c943394f16a2dd8d49a0ce129ad8b46c0814ffa714ef7863d4fa1f9.css HTTP/1.1" 200 1053 "http://localhost:8080/-/profile/preferences" "Mozilla/5.0 (X11; Ubuntu; Linux x86_64; rv:109.0) Gecko/20100101 Firefox/112.0" -
172.18.0.1 - - [28/Apr/2023:10:28:06 +0000] "GET /assets/themes/theme_gray-17f099d3a1719f382e49907fffcc8f77abdf926d046fe9e074f7690e2138224a.css HTTP/1.1" 200 1031 "http://localhost:8080/-/profile/preferences" "Mozilla/5.0 (X11; Ubuntu; Linux x86_64; rv:109.0) Gecko/20100101 Firefox/112.0" -
172.18.0.1 - - [28/Apr/2023:10:28:06 +0000] "GET /assets/themes/theme_light_gray-53af0fe863742ddf9562e7dd73220a55fdecd94a1f13dc35910ba67e40c35bcf.css HTTP/1.1" 200 1253 "http://localhost:8080/-/profile/preferences" "Mozilla/5.0 (X11; Ubuntu; Linux x86_64; rv:109.0) Gecko/20100101 Firefox/112.0" -
172.18.0.1 - - [28/Apr/2023:10:28:06 +0000] "GET /assets/page_bundles/profiles/preferences-8b9f14ec60dc2c736cd4c998d24e543a3684e8034636f54bf6ab990f180e3993.css HTTP/1.1" 200 422 "http://localhost:8080/-/profile/preferences" "Mozilla/5.0 (X11; Ubuntu; Linux x86_64; rv:109.0) Gecko/20100101 Firefox/112.0" -
172.18.0.1 - - [28/Apr/2023:10:28:06 +0000] "GET /assets/highlight/diff_custom_colors_addition-3b3fc910afd751f9d7cf123f5f6f7e7cf3c8013713a776b1d21bb28479c0395d.css HTTP/1.1" 200 256 "http://localhost:8080/-/profile/preferences" "Mozilla/5.0 (X11; Ubuntu; Linux x86_64; rv:109.0) Gecko/20100101 Firefox/112.0" -
172.18.0.1 - - [28/Apr/2023:10:28:06 +0000] "GET /assets/highlight/diff_custom_colors_deletion-2697b868b6c7bfaa8370a0e3f42357338ba8b636dcf2186581072526c2e20a78.css HTTP/1.1" 200 256 "http://localhost:8080/-/profile/preferences" "Mozilla/5.0 (X11; Ubuntu; Linux x86_64; rv:109.0) Gecko/20100101 Firefox/112.0" -
172.18.0.1 - - [28/Apr/2023:10:28:07 +0000] "GET /assets/white-scheme-preview-ce2e9957bbb5c9b6bdbb554984e1af877c89615db7e866aa9022430a6aba618f.png HTTP/1.1" 200 3751 "http://localhost:8080/-/profile/preferences" "Mozilla/5.0 (X11; Ubuntu; Linux x86_64; rv:109.0) Gecko/20100101 Firefox/112.0" -
172.18.0.1 - - [28/Apr/2023:10:28:07 +0000] "GET /assets/solarized-dark-scheme-preview-8e84891217b1278387d0c6f4f5353af156d8697ce0073a0eccd1b37f404535ee.png HTTP/1.1" 200 3195 "http://localhost:8080/-/profile/preferences" "Mozilla/5.0 (X11; Ubuntu; Linux x86_64; rv:109.0) Gecko/20100101 Firefox/112.0" -
172.18.0.1 - - [28/Apr/2023:10:28:07 +0000] "GET /assets/dark-scheme-preview-cbefadee862bccdd68fbc5ea1e520150718425f5e0ae88c59ff1dfedc100d416.png HTTP/1.1" 200 3992 "http://localhost:8080/-/profile/preferences" "Mozilla/5.0 (X11; Ubuntu; Linux x86_64; rv:109.0) Gecko/20100101 Firefox/112.0" -
172.18.0.1 - - [28/Apr/2023:10:28:07 +0000] "GET /assets/none-scheme-preview-3588c62dc9d7cd14ad817ca7dc1f61a181d1bd72cebfa8900c5be4f6a1207e90.png HTTP/1.1" 200 5971 "http://localhost:8080/-/profile/preferences" "Mozilla/5.0 (X11; Ubuntu; Linux x86_64; rv:109.0) Gecko/20100101 Firefox/112.0" -
172.18.0.1 - - [28/Apr/2023:10:28:07 +0000] "GET /assets/solarized-light-scheme-preview-c65e32b38abddf809082e2820e70eccc8fa82d4c4e17455c89f1843cd1b809ae.png HTTP/1.1" 200 3095 "http://localhost:8080/-/profile/preferences" "Mozilla/5.0 (X11; Ubuntu; Linux x86_64; rv:109.0) Gecko/20100101 Firefox/112.0" -
172.18.0.1 - - [28/Apr/2023:10:28:07 +0000] "GET /assets/monokai-scheme-preview-fce3c93c726674094fa07ceaa606cad67ba662d927efdfd807a693cc8841d297.png HTTP/1.1" 200 3708 "http://localhost:8080/-/profile/preferences" "Mozilla/5.0 (X11; Ubuntu; Linux x86_64; rv:109.0) Gecko/20100101 Firefox/112.0" -
172.18.0.2 - - [28/Apr/2023:10:28:07 +0000] "POST /api/v4/jobs/request HTTP/1.1" 204 0 "" "gitlab-runner 15.11.0 (15-11-stable; go1.19.6; linux/amd64)" -
172.18.0.3 - - [28/Apr/2023:10:28:07 +0000] "POST /api/v4/jobs/request HTTP/1.1" 204 0 "" "gitlab-runner 15.11.0 (15-11-stable; go1.19.6; linux/amd64)" -
172.18.0.1 - - [28/Apr/2023:10:28:07 +0000] "GET /-/profile/keys HTTP/1.1" 200 20637 "http://localhost:8080/-/profile/preferences" "Mozilla/5.0 (X11; Ubuntu; Linux x86_64; rv:109.0) Gecko/20100101 Firefox/112.0" 4.42
172.18.0.1 - - [28/Apr/2023:10:28:07 +0000] "GET /assets/webpack/commons-pages.admin.impersonation_tokens-pages.groups.settings.access_tokens-pages.profiles.keys-pag-f3a987d2.9c289312.chunk.js HTTP/1.1" 200 7929 "http://localhost:8080/-/profile/keys" "Mozilla/5.0 (X11; Ubuntu; Linux x86_64; rv:109.0) Gecko/20100101 Firefox/112.0" -
172.18.0.1 - - [28/Apr/2023:10:28:08 +0000] "GET /assets/webpack/pages.profiles.keys.05623f02.chunk.js HTTP/1.1" 200 9804 "http://localhost:8080/-/profile/keys" "Mozilla/5.0 (X11; Ubuntu; Linux x86_64; rv:109.0) Gecko/20100101 Firefox/112.0" -
172.18.0.2 - - [28/Apr/2023:10:28:09 +0000] "POST /api/v4/jobs/request HTTP/1.1" 204 0 "" "gitlab-runner 15.11.0 (15-11-stable; go1.19.6; linux/amd64)" -
172.18.0.3 - - [28/Apr/2023:10:28:09 +0000] "POST /api/v4/jobs/request HTTP/1.1" 204 0 "" "gitlab-runner 15.11.0 (15-11-stable; go1.19.6; linux/amd64)" -
172.18.0.1 - - [28/Apr/2023:10:28:10 +0000] "POST /-/profile/keys HTTP/1.1" 302 104 "http://localhost:8080/-/profile/keys" "Mozilla/5.0 (X11; Ubuntu; Linux x86_64; rv:109.0) Gecko/20100101 Firefox/112.0" -
172.18.0.1 - - [28/Apr/2023:10:28:10 +0000] "GET /-/profile/keys/1 HTTP/1.1" 200 19906 "http://localhost:8080/-/profile/keys" "Mozilla/5.0 (X11; Ubuntu; Linux x86_64; rv:109.0) Gecko/20100101 Firefox/112.0" 4.49
172.18.0.2 - - [28/Apr/2023:10:28:10 +0000] "POST /api/v4/jobs/request HTTP/1.1" 204 0 "" "gitlab-runner 15.11.0 (15-11-stable; go1.19.6; linux/amd64)" -
172.18.0.3 - - [28/Apr/2023:10:28:10 +0000] "POST /api/v4/jobs/request HTTP/1.1" 204 0 "" "gitlab-runner 15.11.0 (15-11-stable; go1.19.6; linux/amd64)" -
172.18.0.2 - - [28/Apr/2023:10:28:12 +0000] "POST /api/v4/jobs/request HTTP/1.1" 204 0 "" "gitlab-runner 15.11.0 (15-11-stable; go1.19.6; linux/amd64)" -
172.18.0.3 - - [28/Apr/2023:10:28:12 +0000] "POST /api/v4/jobs/request HTTP/1.1" 204 0 "" "gitlab-runner 15.11.0 (15-11-stable; go1.19.6; linux/amd64)" -
172.18.0.2 - - [28/Apr/2023:10:28:13 +0000] "POST /api/v4/jobs/request HTTP/1.1" 204 0 "" "gitlab-runner 15.11.0 (15-11-stable; go1.19.6; linux/amd64)" -
172.18.0.3 - - [28/Apr/2023:10:28:13 +0000] "POST /api/v4/jobs/request HTTP/1.1" 204 0 "" "gitlab-runner 15.11.0 (15-11-stable; go1.19.6; linux/amd64)" -
172.18.0.2 - - [28/Apr/2023:10:28:15 +0000] "POST /api/v4/jobs/request HTTP/1.1" 204 0 "" "gitlab-runner 15.11.0 (15-11-stable; go1.19.6; linux/amd64)" -
172.18.0.3 - - [28/Apr/2023:10:28:15 +0000] "POST /api/v4/jobs/request HTTP/1.1" 204 0 "" "gitlab-runner 15.11.0 (15-11-stable; go1.19.6; linux/amd64)" -
172.18.0.2 - - [28/Apr/2023:10:28:16 +0000] "POST /api/v4/jobs/request HTTP/1.1" 204 0 "" "gitlab-runner 15.11.0 (15-11-stable; go1.19.6; linux/amd64)" -
172.18.0.3 - - [28/Apr/2023:10:28:16 +0000] "POST /api/v4/jobs/request HTTP/1.1" 204 0 "" "gitlab-runner 15.11.0 (15-11-stable; go1.19.6; linux/amd64)" -
172.18.0.2 - - [28/Apr/2023:10:28:18 +0000] "POST /api/v4/jobs/request HTTP/1.1" 204 0 "" "gitlab-runner 15.11.0 (15-11-stable; go1.19.6; linux/amd64)" -
172.18.0.3 - - [28/Apr/2023:10:28:18 +0000] "POST /api/v4/jobs/request HTTP/1.1" 204 0 "" "gitlab-runner 15.11.0 (15-11-stable; go1.19.6; linux/amd64)" -
172.18.0.2 - - [28/Apr/2023:10:28:19 +0000] "POST /api/v4/jobs/request HTTP/1.1" 204 0 "" "gitlab-runner 15.11.0 (15-11-stable; go1.19.6; linux/amd64)" -
172.18.0.3 - - [28/Apr/2023:10:28:19 +0000] "POST /api/v4/jobs/request HTTP/1.1" 204 0 "" "gitlab-runner 15.11.0 (15-11-stable; go1.19.6; linux/amd64)" -
172.18.0.2 - - [28/Apr/2023:10:28:21 +0000] "POST /api/v4/jobs/request HTTP/1.1" 204 0 "" "gitlab-runner 15.11.0 (15-11-stable; go1.19.6; linux/amd64)" -
172.18.0.3 - - [28/Apr/2023:10:28:21 +0000] "POST /api/v4/jobs/request HTTP/1.1" 204 0 "" "gitlab-runner 15.11.0 (15-11-stable; go1.19.6; linux/amd64)" -
172.18.0.2 - - [28/Apr/2023:10:28:22 +0000] "POST /api/v4/jobs/request HTTP/1.1" 204 0 "" "gitlab-runner 15.11.0 (15-11-stable; go1.19.6; linux/amd64)" -
172.18.0.3 - - [28/Apr/2023:10:28:22 +0000] "POST /api/v4/jobs/request HTTP/1.1" 204 0 "" "gitlab-runner 15.11.0 (15-11-stable; go1.19.6; linux/amd64)" -
172.18.0.2 - - [28/Apr/2023:10:28:24 +0000] "POST /api/v4/jobs/request HTTP/1.1" 204 0 "" "gitlab-runner 15.11.0 (15-11-stable; go1.19.6; linux/amd64)" -
172.18.0.3 - - [28/Apr/2023:10:28:24 +0000] "POST /api/v4/jobs/request HTTP/1.1" 204 0 "" "gitlab-runner 15.11.0 (15-11-stable; go1.19.6; linux/amd64)" -
172.18.0.2 - - [28/Apr/2023:10:28:25 +0000] "POST /api/v4/jobs/request HTTP/1.1" 204 0 "" "gitlab-runner 15.11.0 (15-11-stable; go1.19.6; linux/amd64)" -
172.18.0.3 - - [28/Apr/2023:10:28:25 +0000] "POST /api/v4/jobs/request HTTP/1.1" 204 0 "" "gitlab-runner 15.11.0 (15-11-stable; go1.19.6; linux/amd64)" -
172.18.0.2 - - [28/Apr/2023:10:28:27 +0000] "POST /api/v4/jobs/request HTTP/1.1" 204 0 "" "gitlab-runner 15.11.0 (15-11-stable; go1.19.6; linux/amd64)" -
172.18.0.3 - - [28/Apr/2023:10:28:27 +0000] "POST /api/v4/jobs/request HTTP/1.1" 204 0 "" "gitlab-runner 15.11.0 (15-11-stable; go1.19.6; linux/amd64)" -
127.0.0.1 - - [28/Apr/2023:10:28:28 +0000] "GET /help HTTP/1.1" 200 74139 "" "curl/8.0.1-DEV" -
172.18.0.2 - - [28/Apr/2023:10:28:28 +0000] "POST /api/v4/jobs/request HTTP/1.1" 204 0 "" "gitlab-runner 15.11.0 (15-11-stable; go1.19.6; linux/amd64)" -
172.18.0.3 - - [28/Apr/2023:10:28:28 +0000] "POST /api/v4/jobs/request HTTP/1.1" 204 0 "" "gitlab-runner 15.11.0 (15-11-stable; go1.19.6; linux/amd64)" -
172.18.0.2 - - [28/Apr/2023:10:28:30 +0000] "POST /api/v4/jobs/request HTTP/1.1" 204 0 "" "gitlab-runner 15.11.0 (15-11-stable; go1.19.6; linux/amd64)" -
172.18.0.3 - - [28/Apr/2023:10:28:30 +0000] "POST /api/v4/jobs/request HTTP/1.1" 204 0 "" "gitlab-runner 15.11.0 (15-11-stable; go1.19.6; linux/amd64)" -
172.18.0.2 - - [28/Apr/2023:10:28:31 +0000] "POST /api/v4/jobs/request HTTP/1.1" 204 0 "" "gitlab-runner 15.11.0 (15-11-stable; go1.19.6; linux/amd64)" -
172.18.0.3 - - [28/Apr/2023:10:28:31 +0000] "POST /api/v4/jobs/request HTTP/1.1" 204 0 "" "gitlab-runner 15.11.0 (15-11-stable; go1.19.6; linux/amd64)" -
172.18.0.2 - - [28/Apr/2023:10:28:33 +0000] "POST /api/v4/jobs/request HTTP/1.1" 204 0 "" "gitlab-runner 15.11.0 (15-11-stable; go1.19.6; linux/amd64)" -
172.18.0.3 - - [28/Apr/2023:10:28:33 +0000] "POST /api/v4/jobs/request HTTP/1.1" 204 0 "" "gitlab-runner 15.11.0 (15-11-stable; go1.19.6; linux/amd64)" -
172.18.0.2 - - [28/Apr/2023:10:28:34 +0000] "POST /api/v4/jobs/request HTTP/1.1" 204 0 "" "gitlab-runner 15.11.0 (15-11-stable; go1.19.6; linux/amd64)" -
172.18.0.3 - - [28/Apr/2023:10:28:34 +0000] "POST /api/v4/jobs/request HTTP/1.1" 204 0 "" "gitlab-runner 15.11.0 (15-11-stable; go1.19.6; linux/amd64)" -
172.18.0.2 - - [28/Apr/2023:10:28:36 +0000] "POST /api/v4/jobs/request HTTP/1.1" 204 0 "" "gitlab-runner 15.11.0 (15-11-stable; go1.19.6; linux/amd64)" -
172.18.0.3 - - [28/Apr/2023:10:28:36 +0000] "POST /api/v4/jobs/request HTTP/1.1" 204 0 "" "gitlab-runner 15.11.0 (15-11-stable; go1.19.6; linux/amd64)" -
172.18.0.1 - - [28/Apr/2023:10:28:36 +0000] "GET /gitlab-instance-5117b8af/final-exam-git.git/info/refs?service=git-upload-pack HTTP/1.1" 401 272 "" "git/2.39.2" -
172.18.0.2 - - [28/Apr/2023:10:28:37 +0000] "POST /api/v4/jobs/request HTTP/1.1" 204 0 "" "gitlab-runner 15.11.0 (15-11-stable; go1.19.6; linux/amd64)" -
172.18.0.3 - - [28/Apr/2023:10:28:37 +0000] "POST /api/v4/jobs/request HTTP/1.1" 204 0 "" "gitlab-runner 15.11.0 (15-11-stable; go1.19.6; linux/amd64)" -
172.18.0.2 - - [28/Apr/2023:10:28:39 +0000] "POST /api/v4/jobs/request HTTP/1.1" 204 0 "" "gitlab-runner 15.11.0 (15-11-stable; go1.19.6; linux/amd64)" -
172.18.0.3 - - [28/Apr/2023:10:28:39 +0000] "POST /api/v4/jobs/request HTTP/1.1" 204 0 "" "gitlab-runner 15.11.0 (15-11-stable; go1.19.6; linux/amd64)" -
172.18.0.2 - - [28/Apr/2023:10:28:40 +0000] "POST /api/v4/jobs/request HTTP/1.1" 204 0 "" "gitlab-runner 15.11.0 (15-11-stable; go1.19.6; linux/amd64)" -
172.18.0.3 - - [28/Apr/2023:10:28:40 +0000] "POST /api/v4/jobs/request HTTP/1.1" 204 0 "" "gitlab-runner 15.11.0 (15-11-stable; go1.19.6; linux/amd64)" -
172.18.0.2 - - [28/Apr/2023:10:28:42 +0000] "POST /api/v4/jobs/request HTTP/1.1" 204 0 "" "gitlab-runner 15.11.0 (15-11-stable; go1.19.6; linux/amd64)" -
172.18.0.3 - - [28/Apr/2023:10:28:42 +0000] "POST /api/v4/jobs/request HTTP/1.1" 204 0 "" "gitlab-runner 15.11.0 (15-11-stable; go1.19.6; linux/amd64)" -
172.18.0.1 - root [28/Apr/2023:10:28:43 +0000] "GET /gitlab-instance-5117b8af/final-exam-git.git/info/refs?service=git-upload-pack HTTP/1.1" 200 161 "" "git/2.39.2" -
172.18.0.2 - - [28/Apr/2023:10:28:43 +0000] "POST /api/v4/jobs/request HTTP/1.1" 204 0 "" "gitlab-runner 15.11.0 (15-11-stable; go1.19.6; linux/amd64)" -
172.18.0.3 - - [28/Apr/2023:10:28:43 +0000] "POST /api/v4/jobs/request HTTP/1.1" 204 0 "" "gitlab-runner 15.11.0 (15-11-stable; go1.19.6; linux/amd64)" -
172.18.0.1 - root [28/Apr/2023:10:28:43 +0000] "POST /gitlab-instance-5117b8af/final-exam-git.git/git-upload-pack HTTP/1.1" 200 65 "" "git/2.39.2" -
172.18.0.1 - root [28/Apr/2023:10:28:43 +0000] "POST /gitlab-instance-5117b8af/final-exam-git.git/git-upload-pack HTTP/1.1" 200 1105 "" "git/2.39.2" -
172.18.0.2 - - [28/Apr/2023:10:28:45 +0000] "POST /api/v4/jobs/request HTTP/1.1" 204 0 "" "gitlab-runner 15.11.0 (15-11-stable; go1.19.6; linux/amd64)" -
172.18.0.3 - - [28/Apr/2023:10:28:45 +0000] "POST /api/v4/jobs/request HTTP/1.1" 204 0 "" "gitlab-runner 15.11.0 (15-11-stable; go1.19.6; linux/amd64)" -
172.18.0.2 - - [28/Apr/2023:10:28:46 +0000] "POST /api/v4/jobs/request HTTP/1.1" 204 0 "" "gitlab-runner 15.11.0 (15-11-stable; go1.19.6; linux/amd64)" -
172.18.0.3 - - [28/Apr/2023:10:28:46 +0000] "POST /api/v4/jobs/request HTTP/1.1" 204 0 "" "gitlab-runner 15.11.0 (15-11-stable; go1.19.6; linux/amd64)" -
172.18.0.2 - - [28/Apr/2023:10:28:48 +0000] "POST /api/v4/jobs/request HTTP/1.1" 204 0 "" "gitlab-runner 15.11.0 (15-11-stable; go1.19.6; linux/amd64)" -
172.18.0.3 - - [28/Apr/2023:10:28:48 +0000] "POST /api/v4/jobs/request HTTP/1.1" 204 0 "" "gitlab-runner 15.11.0 (15-11-stable; go1.19.6; linux/amd64)" -
172.18.0.2 - - [28/Apr/2023:10:28:49 +0000] "POST /api/v4/jobs/request HTTP/1.1" 204 0 "" "gitlab-runner 15.11.0 (15-11-stable; go1.19.6; linux/amd64)" -
172.18.0.3 - - [28/Apr/2023:10:28:49 +0000] "POST /api/v4/jobs/request HTTP/1.1" 204 0 "" "gitlab-runner 15.11.0 (15-11-stable; go1.19.6; linux/amd64)" -
